Component: Arm Compiler for Embedded 6.21 Tool: armlink [5ec1fa00]

==============================================================================

Section Cross References

    startup_stm32f407xx.o(STACK) refers (Special) to heapauxi.o(.text) for __use_two_region_memory
    startup_stm32f407xx.o(HEAP) refers (Special) to heapauxi.o(.text) for __use_two_region_memory
    startup_stm32f407xx.o(RESET) refers (Special) to heapauxi.o(.text) for __use_two_region_memory
    startup_stm32f407xx.o(RESET) refers to startup_stm32f407xx.o(STACK) for __initial_sp
    startup_stm32f407xx.o(RESET) refers to startup_stm32f407xx.o(.text) for Reset_Handler
    startup_stm32f407xx.o(RESET) refers to stm32f4xx_it.o(.text.NMI_Handler) for NMI_Handler
    startup_stm32f407xx.o(RESET) refers to stm32f4xx_it.o(.text.HardFault_Handler) for HardFault_Handler
    startup_stm32f407xx.o(RESET) refers to stm32f4xx_it.o(.text.MemManage_Handler) for MemManage_Handler
    startup_stm32f407xx.o(RESET) refers to stm32f4xx_it.o(.text.BusFault_Handler) for BusFault_Handler
    startup_stm32f407xx.o(RESET) refers to stm32f4xx_it.o(.text.UsageFault_Handler) for UsageFault_Handler
    startup_stm32f407xx.o(RESET) refers to stm32f4xx_it.o(.text.SVC_Handler) for SVC_Handler
    startup_stm32f407xx.o(RESET) refers to stm32f4xx_it.o(.text.DebugMon_Handler) for DebugMon_Handler
    startup_stm32f407xx.o(RESET) refers to stm32f4xx_it.o(.text.PendSV_Handler) for PendSV_Handler
    startup_stm32f407xx.o(RESET) refers to stm32f4xx_it.o(.text.SysTick_Handler) for SysTick_Handler
    startup_stm32f407xx.o(RESET) refers to stm32f4xx_it.o(.text.DMA1_Stream1_IRQHandler) for DMA1_Stream1_IRQHandler
    startup_stm32f407xx.o(RESET) refers to stm32f4xx_it.o(.text.DMA1_Stream2_IRQHandler) for DMA1_Stream2_IRQHandler
    startup_stm32f407xx.o(RESET) refers to stm32f4xx_it.o(.text.DMA1_Stream5_IRQHandler) for DMA1_Stream5_IRQHandler
    startup_stm32f407xx.o(RESET) refers to stm32f4xx_it.o(.text.CAN1_RX0_IRQHandler) for CAN1_RX0_IRQHandler
    startup_stm32f407xx.o(RESET) refers to stm32f4xx_it.o(.text.CAN1_RX1_IRQHandler) for CAN1_RX1_IRQHandler
    startup_stm32f407xx.o(RESET) refers to stm32f4xx_it.o(.text.USART1_IRQHandler) for USART1_IRQHandler
    startup_stm32f407xx.o(RESET) refers to stm32f4xx_it.o(.text.USART2_IRQHandler) for USART2_IRQHandler
    startup_stm32f407xx.o(RESET) refers to stm32f4xx_it.o(.text.USART3_IRQHandler) for USART3_IRQHandler
    startup_stm32f407xx.o(RESET) refers to stm32f4xx_it.o(.text.TIM8_BRK_TIM12_IRQHandler) for TIM8_BRK_TIM12_IRQHandler
    startup_stm32f407xx.o(RESET) refers to stm32f4xx_it.o(.text.TIM8_UP_TIM13_IRQHandler) for TIM8_UP_TIM13_IRQHandler
    startup_stm32f407xx.o(RESET) refers to stm32f4xx_it.o(.text.TIM8_TRG_COM_TIM14_IRQHandler) for TIM8_TRG_COM_TIM14_IRQHandler
    startup_stm32f407xx.o(RESET) refers to stm32f4xx_it.o(.text.TIM8_CC_IRQHandler) for TIM8_CC_IRQHandler
    startup_stm32f407xx.o(RESET) refers to stm32f4xx_it.o(.text.DMA1_Stream7_IRQHandler) for DMA1_Stream7_IRQHandler
    startup_stm32f407xx.o(RESET) refers to stm32f4xx_it.o(.text.TIM7_IRQHandler) for TIM7_IRQHandler
    startup_stm32f407xx.o(RESET) refers to stm32f4xx_it.o(.text.DMA2_Stream2_IRQHandler) for DMA2_Stream2_IRQHandler
    startup_stm32f407xx.o(.text) refers (Special) to heapauxi.o(.text) for __use_two_region_memory
    startup_stm32f407xx.o(.text) refers to system_stm32f4xx.o(.text.SystemInit) for SystemInit
    startup_stm32f407xx.o(.text) refers to __main.o(!!!main) for __main
    startup_stm32f407xx.o(.text) refers to startup_stm32f407xx.o(HEAP) for Heap_Mem
    startup_stm32f407xx.o(.text) refers to startup_stm32f407xx.o(STACK) for Stack_Mem
    main.o(.text.main) refers to stm32f4xx_hal.o(.text.HAL_Init) for HAL_Init
    main.o(.text.main) refers to main.o(.text.SystemClock_Config) for SystemClock_Config
    main.o(.text.main) refers to gpio.o(.text.MX_GPIO_Init) for MX_GPIO_Init
    main.o(.text.main) refers to dma.o(.text.MX_DMA_Init) for MX_DMA_Init
    main.o(.text.main) refers to tim.o(.text.MX_TIM1_Init) for MX_TIM1_Init
    main.o(.text.main) refers to tim.o(.text.MX_TIM2_Init) for MX_TIM2_Init
    main.o(.text.main) refers to tim.o(.text.MX_TIM3_Init) for MX_TIM3_Init
    main.o(.text.main) refers to tim.o(.text.MX_TIM4_Init) for MX_TIM4_Init
    main.o(.text.main) refers to tim.o(.text.MX_TIM5_Init) for MX_TIM5_Init
    main.o(.text.main) refers to can.o(.text.MX_CAN1_Init) for MX_CAN1_Init
    main.o(.text.main) refers to usart.o(.text.MX_USART3_UART_Init) for MX_USART3_UART_Init
    main.o(.text.main) refers to tim.o(.text.MX_TIM9_Init) for MX_TIM9_Init
    main.o(.text.main) refers to tim.o(.text.MX_TIM10_Init) for MX_TIM10_Init
    main.o(.text.main) refers to tim.o(.text.MX_TIM11_Init) for MX_TIM11_Init
    main.o(.text.main) refers to usart.o(.text.MX_USART1_UART_Init) for MX_USART1_UART_Init
    main.o(.text.main) refers to usart.o(.text.MX_USART2_UART_Init) for MX_USART2_UART_Init
[...]
    UART_EndRxTransfer                       0x080067a5   Thumb Code   148  stm32f4xx_hal_uart.o(.text.UART_EndRxTransfer)
    [Anonymous Symbol]                       0x080067a4   Section        0  stm32f4xx_hal_uart.o(.text.UART_EndRxTransfer)
    UART_EndTransmit_IT                      0x08006839   Thumb Code    38  stm32f4xx_hal_uart.o(.text.UART_EndTransmit_IT)
    [Anonymous Symbol]                       0x08006838   Section        0  stm32f4xx_hal_uart.o(.text.UART_EndTransmit_IT)
    UART_EndTxTransfer                       0x08006861   Thumb Code    54  stm32f4xx_hal_uart.o(.text.UART_EndTxTransfer)
    [Anonymous Symbol]                       0x08006860   Section        0  stm32f4xx_hal_uart.o(.text.UART_EndTxTransfer)
    [Anonymous Symbol]                       0x08006898   Section        0  drv_uart.o(.text.UART_Init)
    UART_Receive_IT                          0x08006925   Thumb Code   360  stm32f4xx_hal_uart.o(.text.UART_Receive_IT)
    [Anonymous Symbol]                       0x08006924   Section        0  stm32f4xx_hal_uart.o(.text.UART_Receive_IT)
    UART_SetConfig                           0x08006a8d   Thumb Code   314  stm32f4xx_hal_uart.o(.text.UART_SetConfig)
    [Anonymous Symbol]                       0x08006a8c   Section        0  stm32f4xx_hal_uart.o(.text.UART_SetConfig)
    [Anonymous Symbol]                       0x08006bc8   Section        0  stm32f4xx_hal_uart.o(.text.UART_Start_Receive_DMA)
    UART_Transmit_IT                         0x08006cf9   Thumb Code   148  stm32f4xx_hal_uart.o(.text.UART_Transmit_IT)
    [Anonymous Symbol]                       0x08006cf8   Section        0  stm32f4xx_hal_uart.o(.text.UART_Transmit_IT)
    [Anonymous Symbol]                       0x08006d8c   Section        0  stm32f4xx_it.o(.text.USART1_IRQHandler)
    [Anonymous Symbol]                       0x08006d9c   Section        0  stm32f4xx_it.o(.text.USART2_IRQHandler)
    [Anonymous Symbol]                       0x08006dac   Section        0  stm32f4xx_it.o(.text.USART3_IRQHandler)
    [Anonymous Symbol]                       0x08006dbc   Section        0  stm32f4xx_it.o(.text.UsageFault_Handler)
    _GLOBAL__sub_I_task.cpp                  0x08006dc1   Thumb Code     8  task.o(.text._GLOBAL__sub_I_task.cpp)
    [Anonymous Symbol]                       0x08006dc0   Section        0  task.o(.text._GLOBAL__sub_I_task.cpp)
    [Anonymous Symbol]                       0x08006dc8   Section        0  alg_pid.o(.text._Z14Math_ConstrainIfEvPT_S0_S0_)
    [Anonymous Symbol]                       0x08006e18   Section        0  task.o(.text._Z19Task_UART3_CallbackPht)
    [Anonymous Symbol]                       0x08006e24   Section        0  task.o(.text._Z21Task1ms_TIM7_Callbackv)
    [Anonymous Symbol]                       0x08006e34   Section        0  drv_can.o(.text._Z22can_filter_mask_configP17CAN_HandleTypeDefhjj)
    [Anonymous Symbol]                       0x08006ed4   Section        0  task.o(.text._Z28Chassis_Device_CAN1_CallbackP20Struct_CAN_Rx_Buffer)
    [Anonymous Symbol]                       0x08006edc   Section        0  drv_can.o(.text._Z8CAN_InitP17CAN_HandleTypeDefPFvP20Struct_CAN_Rx_BufferE)
    [Anonymous Symbol]                       0x08006f80   Section        0  alg_pid.o(.text._Z8Math_AbsIfET_S0_)
    [Anonymous Symbol]                       0x08006fb8   Section        0  ita_car.o(.text._ZN11Class_EoCar35TIM_Calculate_PeriodElapsedCallbackEv)
    [Anonymous Symbol]                       0x08007138   Section        0  ita_car.o(.text._ZN11Class_EoCar4InitEv)
    [Anonymous Symbol]                       0x0800726c   Section        0  task.o(.text._ZN11Class_EoCarC2Ev)
    [Anonymous Symbol]                       0x080072a0   Section        0  dvc_encodermotor.o(.text._ZN18Class_EncoderMotor21TIM_Encoder_CalculateEv)
    [Anonymous Symbol]                       0x080073d0   Section        0  ita_car.o(.text._ZN18Class_EncoderMotor26Get_EncoderMotor_PWMOutputEv)
    [Anonymous Symbol]                       0x080073e0   Section        0  dvc_encodermotor.o(.text._ZN18Class_EncoderMotor35TIM_Calculate_PeriodElapsedCallbackEv)
    [Anonymous Symbol]                       0x08007420   Section        0  dvc_encodermotor.o(.text._ZN18Class_EncoderMotor4InitEP17TIM_HandleTypeDeftjff)
    [Anonymous Symbol]                       0x0800747c   Section        0  task.o(.text._ZN18Class_EncoderMotorC2Ev)
    [Anonymous Symbol]                       0x08007498   Section        0  dvc_encodermotor.o(.text._ZN9Class_PID10Set_TargetEf)
    [Anonymous Symbol]                       0x080074ac   Section        0  alg_pid.o(.text._ZN9Class_PID32TIM_Adjust_PeriodElapsedCallbackEv)
    [Anonymous Symbol]                       0x0800775c   Section        0  alg_pid.o(.text._ZN9Class_PID4InitEfffffffffff16Enum_PID_D_First)
    [Anonymous Symbol]                       0x080077d0   Section        0  dvc_encodermotor.o(.text._ZN9Class_PID7Get_OutEv)
    [Anonymous Symbol]                       0x080077e0   Section        0  dvc_encodermotor.o(.text._ZN9Class_PID7Set_NowEf)
    [Anonymous Symbol]                       0x080077f4   Section        0  task.o(.text._ZN9Class_PIDC2Ev)
    __NVIC_EnableIRQ                         0x08007825   Thumb Code    48  stm32f4xx_hal_cortex.o(.text.__NVIC_EnableIRQ)
    [Anonymous Symbol]                       0x08007824   Section        0  stm32f4xx_hal_cortex.o(.text.__NVIC_EnableIRQ)
    __NVIC_GetPriorityGrouping               0x08007855   Thumb Code    16  stm32f4xx_hal_cortex.o(.text.__NVIC_GetPriorityGrouping)
    [Anonymous Symbol]                       0x08007854   Section        0  stm32f4xx_hal_cortex.o(.text.__NVIC_GetPriorityGrouping)
    __NVIC_SetPriority                       0x08007865   Thumb Code    66  stm32f4xx_hal_cortex.o(.text.__NVIC_SetPriority)
    [Anonymous Symbol]                       0x08007864   Section        0  stm32f4xx_hal_cortex.o(.text.__NVIC_SetPriority)
    __NVIC_SetPriorityGrouping               0x080078a9   Thumb Code    60  stm32f4xx_hal_cortex.o(.text.__NVIC_SetPriorityGrouping)
    [Anonymous Symbol]                       0x080078a8   Section        0  stm32f4xx_hal_cortex.o(.text.__NVIC_SetPriorityGrouping)
    __cxx_global_var_init                    0x080078e5   Thumb Code    16  task.o(.text.__cxx_global_var_init)
    [Anonymous Symbol]                       0x080078e4   Section        0  task.o(.text.__cxx_global_var_init)
    [Anonymous Symbol]                       0x080078f4   Section        0  main.o(.text.main)
    $v0                                      0x0800795c   Number         0  fpinit.o(x$fpl$fpinit)
    x$fpl$fpinit                             0x0800795c   Section       26  fpinit.o(x$fpl$fpinit)
    DMA_CalcBaseAndBitshift.flagBitshiftOffset 0x0800798e   Data           8  stm32f4xx_hal_dma.o(.rodata.DMA_CalcBaseAndBitshift.flagBitshiftOffset)
    [Anonymous Symbol]                       0x0800798e   Section        0  stm32f4xx_hal_dma.o(.rodata.DMA_CalcBaseAndBitshift.flagBitshiftOffset)
    .init_array                              0x080079bc   Section        0  init_aeabi.o(.init_array)
    .bss                                     0x20000010   Section       96  libspace.o(.bss)
    Heap_Mem                                 0x20001288   Data         512  startup_stm32f407xx.o(HEAP)
    HEAP                                     0x20001288   Section      512  startup_stm32f407xx.o(HEAP)
    Stack_Mem                                0x20001488   Data        1024  startup_stm32f407xx.o(STACK)
    STACK                                    0x20001488   Section     1024  startup_stm32f407xx.o(STACK)
    __initial_sp                             0x20001888   Data           0  startup_stm32f407xx.o(STACK)

    Global Symbols

    Symbol Name                              Value     Ov Type        Size  Object(Section)

    BuildAttributes$$THM_ISAv4$E$P$D$K$B$S$7EM$VFPi3$EXTD16$VFPS$VFMA$PE$A:L22UL41UL21$X:L11$S22US41US21$IEEE1$IW$~IW$USESV6$~STKCKD$USESV7$~SHL$OTIME$ROPI$IEEEX$EBA8$UX$STANDARDLIB$REQ8$PRES8$EABIv2 0x00000000   Number         0  anon$$obj.o ABSOLUTE
    __ARM_exceptions_init                     - Undefined Weak Reference
    __alloca_initialize                       - Undefined Weak Reference
    __arm_preinit_                            - Undefined Weak Reference
    __arm_relocate_pie_                       - Undefined Weak Reference
    __cxa_finalize                            - Undefined Weak Reference
    __rt_locale                               - Undefined Weak Reference
    __sigvec_lookup                           - Undefined Weak Reference
    _atexit_init                              - Undefined Weak Reference
    _call_atexit_fns                          - Undefined Weak Reference
    _clock_init                               - Undefined Weak Reference
    _fp_trap_init                             - Undefined Weak Reference
    _fp_trap_shutdown                         - Undefined Weak Reference
    _get_lc_collate                           - Undefined Weak Reference
    _get_lc_ctype                             - Undefined Weak Reference
    _get_lc_monetary                          - Undefined Weak Reference
    _get_lc_numeric                           - Undefined Weak Reference
    _get_lc_time                              - Undefined Weak Reference
    _getenv_init                              - Undefined Weak Reference
    _handle_redirection                       - Undefined Weak Reference
    _init_alloc                               - Undefined Weak Reference
    _init_user_alloc                          - Undefined Weak Reference
    _initio                                   - Undefined Weak Reference
    _rand_init                                - Undefined Weak Reference
    _signal_finish                            - Undefined Weak Reference
    _signal_init                              - Undefined Weak Reference
    _terminate_alloc                          - Undefined Weak Reference
    _terminate_user_alloc                     - Undefined Weak Reference
    _terminateio                              - Undefined Weak Reference
    __Vectors_Size                           0x00000188   Number         0  startup_stm32f407xx.o ABSOLUTE
    __Vectors                                0x08000000   Data           4  startup_stm32f407xx.o(RESET)
    __Vectors_End                            0x08000188   Data           0  startup_stm32f407xx.o(RESET)
    __main                                   0x08000189   Thumb Code     8  __main.o(!!!main)
    __scatterload                            0x08000191   Thumb Code     0  __scatter.o(!!!scatter)
    __scatterload_rt2                        0x08000191   Thumb Code    84  __scatter.o(!!!scatter)
    __scatterload_rt2_thumb_only             0x08000191   Thumb Code     0  __scatter.o(!!!scatter)
    __scatterload_loop                       0x0800019b   Thumb Code     0  __scatter.o(!!!scatter)
    __scatterload_copy                       0x080001ed   Thumb Code    26  __scatter_copy.o(!!handler_copy)
    __scatterload_null                       0x08000209   Thumb Code     2  __scatter.o(!!handler_null)
    __scatterload_zeroinit                   0x0800020d   Thumb Code    28  __scatter_zi.o(!!handler_zi)
    __rt_lib_init                            0x08000229   Thumb Code     0  libinit.o(.ARM.Collect$$libinit$$00000000)
    __rt_lib_init_fp_1                       0x0800022b   Thumb Code     0  libinit2.o(.ARM.Collect$$libinit$$00000001)
    __rt_lib_init_alloca_1                   0x0800022f   Thumb Code     0  libinit2.o(.ARM.Collect$$libinit$$00000030)
    __rt_lib_init_argv_1                     0x0800022f   Thumb Code     0  libinit2.o(.ARM.Collect$$libinit$$0000002E)
    __rt_lib_init_atexit_1                   0x0800022f   Thumb Code     0  libinit2.o(.ARM.Collect$$libinit$$0000001D)
    __rt_lib_init_clock_1                    0x0800022f   Thumb Code     0  libinit2.o(.ARM.Collect$$libinit$$00000023)
    __rt_lib_init_cpp_2                      0x0800022f   Thumb Code     0  libinit2.o(.ARM.Collect$$libinit$$00000033)
    __rt_lib_init_exceptions_1               0x0800022f   Thumb Code     0  libinit2.o(.ARM.Collect$$libinit$$00000032)
    __rt_lib_init_fp_trap_1                  0x0800022f   Thumb Code     0  libinit2.o(.ARM.Collect$$libinit$$00000021)
    __rt_lib_init_getenv_1                   0x0800022f   Thumb Code     0  libinit2.o(.ARM.Collect$$libinit$$00000025)
    __rt_lib_init_heap_1                     0x0800022f   Thumb Code     0  libinit2.o(.ARM.Collect$$libinit$$0000000C)
    __rt_lib_init_lc_collate_1               0x0800022f   Thumb Code     0  libinit2.o(.ARM.Collect$$libinit$$00000013)
    __rt_lib_init_lc_ctype_1                 0x0800022f   Thumb Code     0  libinit2.o(.ARM.Collect$$libinit$$00000015)
    __rt_lib_init_lc_monetary_1              0x0800022f   Thumb Code     0  libinit2.o(.ARM.Collect$$libinit$$00000017)
    __rt_lib_init_lc_numeric_1               0x0800022f   Thumb Code     0  libinit2.o(.ARM.Collect$$libinit$$00000019)
    __rt_lib_init_lc_time_1                  0x0800022f   Thumb Code     0  libinit2.o(.ARM.Collect$$libinit$$0000001B)
    __rt_lib_init_preinit_1                  0x0800022f   Thumb Code     0  libinit2.o(.ARM.Collect$$libinit$$00000006)
    __rt_lib_init_rand_1                     0x0800022f   Thumb Code     0  libinit2.o(.ARM.Collect$$libinit$$00000010)
    __rt_lib_init_relocate_pie_1             0x0800022f   Thumb Code     0  libinit2.o(.ARM.Collect$$libinit$$00000004)
    __rt_lib_init_signal_1                   0x0800022f   Thumb Code     0  libinit2.o(.ARM.Collect$$libinit$$0000001F)
    __rt_lib_init_stdio_1                    0x0800022f   Thumb Code     0  libinit2.o(.ARM.Collect$$libinit$$00000027)
    __rt_lib_init_user_alloc_1               0x0800022f   Thumb Code     0  libinit2.o(.ARM.Collect$$libinit$$0000000E)
    __rt_lib_init_cpp_1                      0x08000233   Thumb Code     0  libinit2.o(.ARM.Collect$$libinit$$00000034)
    __rt_lib_init_return                     0x08000233   Thumb Code     0  libinit2.o(.ARM.Collect$$libinit$$00000035)
    __rt_lib_shutdown                        0x08000235   Thumb Code     0  libshutdown.o(.ARM.Collect$$libshutdown$$00000000)
    __rt_lib_shutdown_cpp_1                  0x08000237   Thumb Code     0  libshutdown2.o(.ARM.Collect$$libshutdown$$00000002)
    __rt_lib_shutdown_fp_trap_1              0x08000237   Thumb Code     0  libshutdown2.o(.ARM.Collect$$libshutdown$$00000007)
    __rt_lib_shutdown_heap_1                 0x08000237   Thumb Code     0  libshutdown2.o(.ARM.Collect$$libshutdown$$0000000F)
    __rt_lib_shutdown_return                 0x08000237   Thumb Code     0  libshutdown2.o(.ARM.Collect$$libshutdown$$00000010)
    __rt_lib_shutdown_signal_1               0x08000237   Thumb Code     0  libshutdown2.o(.ARM.Collect$$libshutdown$$0000000A)
    __rt_lib_shutdown_stdio_1                0x08000237   Thumb Code     0  libshutdown2.o(.ARM.Collect$$libshutdown$$00000004)
    __rt_lib_shutdown_user_alloc_1           0x08000237   Thumb Code     0  libshutdown2.o(.ARM.Collect$$libshutdown$$0000000C)
    __rt_entry                               0x08000239   Thumb Code     0  __rtentry.o(.ARM.Collect$$rtentry$$00000000)
    __rt_entry_presh_1                       0x08000239   Thumb Code     0  __rtentry2.o(.ARM.Collect$$rtentry$$00000002)
    __rt_entry_sh                            0x08000239   Thumb Code     0  __rtentry4.o(.ARM.Collect$$rtentry$$00000004)
    __rt_entry_li                            0x0800023f   Thumb Code     0  __rtentry2.o(.ARM.Collect$$rtentry$$0000000A)
    __rt_entry_postsh_1                      0x0800023f   Thumb Code     0  __rtentry2.o(.ARM.Collect$$rtentry$$00000009)
    __rt_entry_main                          0x08000243   Thumb Code     0  __rtentry2.o(.ARM.Collect$$rtentry$$0000000D)
    __rt_entry_postli_1                      0x08000243   Thumb Code     0  __rtentry2.o(.ARM.Collect$$rtentry$$0000000C)
    __rt_exit                                0x0800024b   Thumb Code     0  rtexit.o(.ARM.Collect$$rtexit$$00000000)
    __rt_exit_ls                             0x0800024d   Thumb Code     0  rtexit2.o(.ARM.Collect$$rtexit$$00000003)
    __rt_exit_prels_1                        0x0800024d   Thumb Code     0  rtexit2.o(.ARM.Collect$$rtexit$$00000002)
    __rt_exit_exit                           0x08000251   Thumb Code     0  rtexit2.o(.ARM.Collect$$rtexit$$00000004)
    Reset_Handler                            0x08000259   Thumb Code     8  startup_stm32f407xx.o(.text)
    ADC_IRQHandler                           0x08000273   Thumb Code     0  startup_stm32f407xx.o(.text)
    CAN1_SCE_IRQHandler                      0x08000273   Thumb Code     0  startup_stm32f407xx.o(.text)
    CAN1_TX_IRQHandler                       0x08000273   Thumb Code     0  startup_stm32f407xx.o(.text)
    CAN2_RX0_IRQHandler                      0x08000273   Thumb Code     0  startup_stm32f407xx.o(.text)
    CAN2_RX1_IRQHandler                      0x08000273   Thumb Code     0  startup_stm32f407xx.o(.text)
    CAN2_SCE_IRQHandler                      0x08000273   Thumb Code     0  startup_stm32f407xx.o(.text)
    CAN2_TX_IRQHandler                       0x08000273   Thumb Code     0  startup_stm32f407xx.o(.text)
    DCMI_IRQHandler                          0x08000273   Thumb Code     0  startup_stm32f407xx.o(.text)
    DMA1_Stream0_IRQHandler                  0x08000273   Thumb Code     0  startup_stm32f407xx.o(.text)
    DMA1_Stream3_IRQHandler                  0x08000273   Thumb Code     0  startup_stm32f407xx.o(.text)
    DMA1_Stream4_IRQHandler                  0x08000273   Thumb Code     0  startup_stm32f407xx.o(.text)
    DMA1_Stream6_IRQHandler                  0x08000273   Thumb Code     0  startup_stm32f407xx.o(.text)
    DMA2_Stream0_IRQHandler                  0x08000273   Thumb Code     0  startup_stm32f407xx.o(.text)
    DMA2_Stream1_IRQHandler                  0x08000273   Thumb Code     0  startup_stm32f407xx.o(.text)
    DMA2_Stream3_IRQHandler                  0x08000273   Thumb Code     0  startup_stm32f407xx.o(.text)
    DMA2_Stream4_IRQHandler                  0x08000273   Thumb Code     0  startup_stm32f407xx.o(.text)
    DMA2_Stream5_IRQHandler                  0x08000273   Thumb Code     0  startup_stm32f407xx.o(.text)
    DMA2_Stream6_IRQHandler                  0x08000273   Thumb Code     0  startup_stm32f407xx.o(.text)
    DMA2_Stream7_IRQHandler                  0x08000273   Thumb Code     0  startup_stm32f407xx.o(.text)
    ETH_IRQHandler                           0x08000273   Thumb Code     0  startup_stm32f407xx.o(.text)
    ETH_WKUP_IRQHandler                      0x08000273   Thumb Code     0  startup_stm32f407xx.o(.text)
    EXTI0_IRQHandler                         0x08000273   Thumb Code     0  startup_stm32f407xx.o(.text)
    EXTI15_10_IRQHandler                     0x08000273   Thumb Code     0  startup_stm32f407xx.o(.text)
    EXTI1_IRQHandler                         0x08000273   Thumb Code     0  startup_stm32f407xx.o(.text)
    EXTI2_IRQHandler                         0x08000273   Thumb Code     0  startup_stm32f407xx.o(.text)
    EXTI3_IRQHandler                         0x08000273   Thumb Code     0  startup_stm32f407xx.o(.text)
    EXTI4_IRQHandler                         0x08000273   Thumb Code     0  startup_stm32f407xx.o(.text)
    EXTI9_5_IRQHandler                       0x08000273   Thumb Code     0  startup_stm32f407xx.o(.text)
    FLASH_IRQHandler                         0x08000273   Thumb Code     0  startup_stm32f407xx.o(.text)
    FMC_IRQHandler                           0x08000273   Thumb Code     0  startup_stm32f407xx.o(.text)
    FPU_IRQHandler                           0x08000273   Thumb Code     0  startup_stm32f407xx.o(.text)
    HASH_RNG_IRQHandler                      0x08000273   Thumb Code     0  startup_stm32f407xx.o(.text)
    I2C1_ER_IRQHandler                       0x08000273   Thumb Code     0  startup_stm32f407xx.o(.text)
    I2C1_EV_IRQHandler                       0x08000273   Thumb Code     0  startup_stm32f407xx.o(.text)
    I2C2_ER_IRQHandler                       0x08000273   Thumb Code     0  startup_stm32f407xx.o(.text)
    I2C2_EV_IRQHandler                       0x08000273   Thumb Code     0  startup_stm32f407xx.o(.text)
    I2C3_ER_IRQHandler                       0x08000273   Thumb Code     0  startup_stm32f407xx.o(.text)
    I2C3_EV_IRQHandler                       0x08000273   Thumb Code     0  startup_stm32f407xx.o(.text)
    OTG_FS_IRQHandler                        0x08000273   Thumb Code     0  startup_stm32f407xx.o(.text)
    OTG_FS_WKUP_IRQHandler                   0x08000273   Thumb Code     0  startup_stm32f407xx.o(.text)
    OTG_HS_EP1_IN_IRQHandler                 0x08000273   Thumb Code     0  startup_stm32f407xx.o(.text)
    OTG_HS_EP1_OUT_IRQHandler                0x08000273   Thumb Code     0  startup_stm32f407xx.o(.text)
    OTG_HS_IRQHandler                        0x08000273   Thumb Code     0  startup_stm32f407xx.o(.text)
    OTG_HS_WKUP_IRQHandler                   0x08000273   Thumb Code     0  startup_stm32f407xx.o(.text)
    PVD_IRQHandler                           0x08000273   Thumb Code     0  startup_stm32f407xx.o(.text)
    RCC_IRQHandler                           0x08000273   Thumb Code     0  startup_stm32f407xx.o(.text)
    RTC_Alarm_IRQHandler                     0x08000273   Thumb Code     0  startup_stm32f407xx.o(.text)
    RTC_WKUP_IRQHandler                      0x08000273   Thumb Code     0  startup_stm32f407xx.o(.text)
    SDIO_IRQHandler                          0x08000273   Thumb Code     0  startup_stm32f407xx.o(.text)
    SPI1_IRQHandler                          0x08000273   Thumb Code     0  startup_stm32f407xx.o(.text)
    SPI2_IRQHandler                          0x08000273   Thumb Code     0  startup_stm32f407xx.o(.text)
    SPI3_IRQHandler                          0x08000273   Thumb Code     0  startup_stm32f407xx.o(.text)
    TAMP_STAMP_IRQHandler                    0x08000273   Thumb Code     0  startup_stm32f407xx.o(.text)
    TIM1_BRK_TIM9_IRQHandler                 0x08000273   Thumb Code     0  startup_stm32f407xx.o(.text)
    TIM1_CC_IRQHandler                       0x08000273   Thumb Code     0  startup_stm32f407xx.o(.text)
    TIM1_TRG_COM_TIM11_IRQHandler            0x08000273   Thumb Code     0  startup_stm32f407xx.o(.text)
    TIM1_UP_TIM10_IRQHandler                 0x08000273   Thumb Code     0  startup_stm32f407xx.o(.text)
    TIM2_IRQHandler                          0x08000273   Thumb Code     0  startup_stm32f407xx.o(.text)
    TIM3_IRQHandler                          0x08000273   Thumb Code     0  startup_stm32f407xx.o(.text)
    TIM4_IRQHandler                          0x08000273   Thumb Code     0  startup_stm32f407xx.o(.text)
    TIM5_IRQHandler                          0x08000273   Thumb Code     0  startup_stm32f407xx.o(.text)
    TIM6_DAC_IRQHandler                      0x08000273   Thumb Code     0  startup_stm32f407xx.o(.text)
    UART4_IRQHandler                         0x08000273   Thumb Code     0  startup_stm32f407xx.o(.text)
    UART5_IRQHandler                         0x08000273   Thumb Code     0  startup_stm32f407xx.o(.text)
    USART6_IRQHandler                        0x08000273   Thumb Code     0  startup_stm32f407xx.o(.text)
    WWDG_IRQHandler                          0x08000273   Thumb Code     0  startup_stm32f407xx.o(.text)
    __user_initial_stackheap                 0x08000275   Thumb Code     0  startup_stm32f407xx.o(.text)
    __aeabi_uldivmod                         0x08000299   Thumb Code     0  lludivv7m.o(.text)
    _ll_udiv                                 0x08000299   Thumb Code   240  lludivv7m.o(.text)
    __aeabi_memclr4                          0x08000389   Thumb Code     0  rt_memclr_w.o(.text)
    __aeabi_memclr8                          0x08000389   Thumb Code     0  rt_memclr_w.o(.text)
    __rt_memclr_w                            0x08000389   Thumb Code     0  rt_memclr_w.o(.text)
    _memset_w                                0x0800038d   Thumb Code    74  rt_memclr_w.o(.text)
    __use_two_region_memory                  0x080003d7   Thumb Code     2  heapauxi.o(.text)
    __rt_heap_escrow$2region                 0x080003d9   Thumb Code     2  heapauxi.o(.text)
    __rt_heap_expand$2region                 0x080003db   Thumb Code     2  heapauxi.o(.text)
    __cpp_initialize__aeabi_                 0x080003dd   Thumb Code    36  init_aeabi.o(.text)
    __user_libspace                          0x08000409   Thumb Code     8  libspace.o(.text)
    __user_perproc_libspace                  0x08000409   Thumb Code     0  libspace.o(.text)
    __user_perthread_libspace                0x08000409   Thumb Code     0  libspace.o(.text)
    __user_setup_stackheap                   0x08000411   Thumb Code    74  sys_stackheap_outer.o(.text)
    exit                                     0x0800045b   Thumb Code    18  exit.o(.text)
    _sys_exit                                0x0800046d   Thumb Code     8  sys_exit.o(.text)
    __I$use$semihosting                      0x08000479   Thumb Code     0  use_no_semi.o(.text)
    __use_no_semihosting_swi                 0x08000479   Thumb Code     2  use_no_semi.o(.text)
    __semihosting_library_function           0x0800047b   Thumb Code     0  indicate_semi.o(.text)
    BusFault_Handler                         0x0800047d   Thumb Code     4  stm32f4xx_it.o(.text.BusFault_Handler)
    CAN1_RX0_IRQHandler                      0x08000481   Thumb Code    16  stm32f4xx_it.o(.text.CAN1_RX0_IRQHandler)
    CAN1_RX1_IRQHandler                      0x08000491   Thumb Code    16  stm32f4xx_it.o(.text.CAN1_RX1_IRQHandler)
    DMA1_Stream1_IRQHandler                  0x080004a1   Thumb Code    16  stm32f4xx_it.o(.text.DMA1_Stream1_IRQHandler)
    DMA1_Stream2_IRQHandler                  0x080004b1   Thumb Code    16  stm32f4xx_it.o(.text.DMA1_Stream2_IRQHandler)
    DMA1_Stream5_IRQHandler                  0x080004c1   Thumb Code    16  stm32f4xx_it.o(.text.DMA1_Stream5_IRQHandler)
    DMA1_Stream7_IRQHandler                  0x080004d1   Thumb Code    16  stm32f4xx_it.o(.text.DMA1_Stream7_IRQHandler)
    DMA2_Stream2_IRQHandler                  0x080004e1   Thumb Code    16  stm32f4xx_it.o(.text.DMA2_Stream2_IRQHandler)
    DebugMon_Handler                         0x08000689   Thumb Code     2  stm32f4xx_it.o(.text.DebugMon_Handler)
    Error_Handler                            0x0800068d   Thumb Code     6  main.o(.text.Error_Handler)
    HAL_CAN_ActivateNotification             0x08000695   Thumb Code    82  stm32f4xx_hal_can.o(.text.HAL_CAN_ActivateNotification)
    HAL_CAN_ConfigFilter                     0x080006e9   Thumb Code   414  stm32f4xx_hal_can.o(.text.HAL_CAN_ConfigFilter)
    HAL_CAN_ErrorCallback                    0x08000889   Thumb Code     8  stm32f4xx_hal_can.o(.text.HAL_CAN_ErrorCallback)
    HAL_CAN_GetRxMessage                     0x08000891   Thumb Code   530  stm32f4xx_hal_can.o(.text.HAL_CAN_GetRxMessage)
    HAL_CAN_IRQHandler                       0x08000aa5   Thumb Code  1010  stm32f4xx_hal_can.o(.text.HAL_CAN_IRQHandler)
    HAL_CAN_Init                             0x08000e99   Thumb Code   478  stm32f4xx_hal_can.o(.text.HAL_CAN_Init)
    HAL_CAN_MspInit                          0x08001079   Thumb Code   180  can.o(.text.HAL_CAN_MspInit)
    HAL_CAN_RxFifo0FullCallback              0x0800112d   Thumb Code     8  stm32f4xx_hal_can.o(.text.HAL_CAN_RxFifo0FullCallback)
    HAL_CAN_RxFifo0MsgPendingCallback        0x08001135   Thumb Code   120  drv_can.o(.text.HAL_CAN_RxFifo0MsgPendingCallback)
    HAL_CAN_RxFifo1FullCallback              0x080011ad   Thumb Code     8  stm32f4xx_hal_can.o(.text.HAL_CAN_RxFifo1FullCallback)
    HAL_CAN_RxFifo1MsgPendingCallback        0x080011b5   Thumb Code   120  drv_can.o(.text.HAL_CAN_RxFifo1MsgPendingCallback)
    HAL_CAN_SleepCallback                    0x0800122d   Thumb Code     8  stm32f4xx_hal_can.o(.text.HAL_CAN_SleepCallback)
    HAL_CAN_Start                            0x08001235   Thumb Code   138  stm32f4xx_hal_can.o(.text.HAL_CAN_Start)
    HAL_CAN_TxMailbox0AbortCallback          0x080012c1   Thumb Code     8  stm32f4xx_hal_can.o(.text.HAL_CAN_TxMailbox0AbortCallback)
    HAL_CAN_TxMailbox0CompleteCallback       0x080012c9   Thumb Code     8  stm32f4xx_hal_can.o(.text.HAL_CAN_TxMailbox0CompleteCallback)
    HAL_CAN_TxMailbox1AbortCallback          0x080012d1   Thumb Code     8  stm32f4xx_hal_can.o(.text.HAL_CAN_TxMailbox1AbortCallback)
    HAL_CAN_TxMailbox1CompleteCallback       0x080012d9   Thumb Code     8  stm32f4xx_hal_can.o(.text.HAL_CAN_TxMailbox1CompleteCallback)
    HAL_CAN_TxMailbox2AbortCallback          0x080012e1   Thumb Code     8  stm32f4xx_hal_can.o(.text.HAL_CAN_TxMailbox2AbortCallback)
    HAL_CAN_TxMailbox2CompleteCallback       0x080012e9   Thumb Code     8  stm32f4xx_hal_can.o(.text.HAL_CAN_TxMailbox2CompleteCallback)
    HAL_CAN_WakeUpFromRxMsgCallback          0x080012f1   Thumb Code     8  stm32f4xx_hal_can.o(.text.HAL_CAN_WakeUpFromRxMsgCallback)
    HAL_DMA_Abort                            0x080012f9   Thumb Code   236  stm32f4xx_hal_dma.o(.text.HAL_DMA_Abort)
    HAL_DMA_Abort_IT                         0x080013e5   Thumb Code    68  stm32f4xx_hal_dma.o(.text.HAL_DMA_Abort_IT)
    HAL_DMA_IRQHandler                       0x08001429   Thumb Code   798  stm32f4xx_hal_dma.o(.text.HAL_DMA_IRQHandler)
    HAL_DMA_Init                             0x08001749   Thumb Code   366  stm32f4xx_hal_dma.o(.text.HAL_DMA_Init)
    HAL_DMA_Start_IT                         0x080018b9   Thumb Code   194  stm32f4xx_hal_dma.o(.text.HAL_DMA_Start_IT)
    HAL_GPIO_Init                            0x0800197d   Thumb Code   950  stm32f4xx_hal_gpio.o(.text.HAL_GPIO_Init)
    HAL_GPIO_WritePin                        0x08001d35   Thumb Code    46  stm32f4xx_hal_gpio.o(.text.HAL_GPIO_WritePin)
    HAL_GetTick                              0x08001d65   Thumb Code    12  stm32f4xx_hal.o(.text.HAL_GetTick)
    HAL_I2C_Init                             0x08001d71   Thumb Code   676  stm32f4xx_hal_i2c.o(.text.HAL_I2C_Init)
    HAL_I2C_MspInit                          0x08002015   Thumb Code   314  i2c.o(.text.HAL_I2C_MspInit)
    HAL_IncTick                              0x08002151   Thumb Code    26  stm32f4xx_hal.o(.text.HAL_IncTick)
    HAL_Init                                 0x0800216d   Thumb Code    54  stm32f4xx_hal.o(.text.HAL_Init)
    HAL_InitTick                             0x080021a5   Thumb Code   112  stm32f4xx_hal.o(.text.HAL_InitTick)
    HAL_MspInit                              0x08002215   Thumb Code    74  stm32f4xx_hal_msp.o(.text.HAL_MspInit)
    HAL_NVIC_EnableIRQ                       0x08002261   Thumb Code    20  stm32f4xx_hal_cortex.o(.text.HAL_NVIC_EnableIRQ)
    HAL_NVIC_SetPriority                     0x08002275   Thumb Code    50  stm32f4xx_hal_cortex.o(.text.HAL_NVIC_SetPriority)
    HAL_NVIC_SetPriorityGrouping             0x080022a9   Thumb Code    16  stm32f4xx_hal_cortex.o(.text.HAL_NVIC_SetPriorityGrouping)
    HAL_RCC_ClockConfig                      0x080022b9   Thumb Code   610  stm32f4xx_hal_rcc.o(.text.HAL_RCC_ClockConfig)
    HAL_RCC_GetHCLKFreq                      0x0800251d   Thumb Code    12  stm32f4xx_hal_rcc.o(.text.HAL_RCC_GetHCLKFreq)
    HAL_RCC_GetPCLK1Freq                     0x08002529   Thumb Code    34  stm32f4xx_hal_rcc.o(.text.HAL_RCC_GetPCLK1Freq)
    HAL_RCC_GetPCLK2Freq                     0x0800254d   Thumb Code    34  stm32f4xx_hal_rcc.o(.text.HAL_RCC_GetPCLK2Freq)
    HAL_RCC_GetSysClockFreq                  0x08002571   Thumb Code   230  stm32f4xx_hal_rcc.o(.text.HAL_RCC_GetSysClockFreq)
    HAL_RCC_OscConfig                        0x08002659   Thumb Code  1726  stm32f4xx_hal_rcc.o(.text.HAL_RCC_OscConfig)
    HAL_SYSTICK_Config                       0x08002d19   Thumb Code    16  stm32f4xx_hal_cortex.o(.text.HAL_SYSTICK_Config)
    HAL_TIMEx_BreakCallback                  0x08002d29   Thumb Code     8  stm32f4xx_hal_tim_ex.o(.text.HAL_TIMEx_BreakCallback)
    HAL_TIMEx_CommutCallback                 0x08002d31   Thumb Code     8  stm32f4xx_hal_tim_ex.o(.text.HAL_TIMEx_CommutCallback)
    HAL_TIMEx_ConfigBreakDeadTime            0x08002d39   Thumb Code   178  stm32f4xx_hal_tim_ex.o(.text.HAL_TIMEx_ConfigBreakDeadTime)
    HAL_TIMEx_MasterConfigSynchronization    0x08002ded   Thumb Code   290  stm32f4xx_hal_tim_ex.o(.text.HAL_TIMEx_MasterConfigSynchronization)
    HAL_TIM_Base_Init                        0x08002f11   Thumb Code   156  stm32f4xx_hal_tim.o(.text.HAL_TIM_Base_Init)
    HAL_TIM_Base_MspInit                     0x08002fad   Thumb Code   508  tim.o(.text.HAL_TIM_Base_MspInit)
    HAL_TIM_Base_Start_IT                    0x080031a9   Thumb Code   246  stm32f4xx_hal_tim.o(.text.HAL_TIM_Base_Start_IT)
    HAL_TIM_ConfigClockSource                0x080032a1   Thumb Code   388  stm32f4xx_hal_tim.o(.text.HAL_TIM_ConfigClockSource)
    HAL_TIM_Encoder_Init                     0x08003425   Thumb Code   304  stm32f4xx_hal_tim.o(.text.HAL_TIM_Encoder_Init)
    HAL_TIM_Encoder_MspInit                  0x08003555   Thumb Code   572  tim.o(.text.HAL_TIM_Encoder_MspInit)
    HAL_TIM_Encoder_Start                    0x08003791   Thumb Code   334  stm32f4xx_hal_tim.o(.text.HAL_TIM_Encoder_Start)
    HAL_TIM_IC_CaptureCallback               0x080038e1   Thumb Code     8  stm32f4xx_hal_tim.o(.text.HAL_TIM_IC_CaptureCallback)
    HAL_TIM_IRQHandler                       0x080038e9   Thumb Code   538  stm32f4xx_hal_tim.o(.text.HAL_TIM_IRQHandler)
    HAL_TIM_MspPostInit                      0x08003b05   Thumb Code   554  tim.o(.text.HAL_TIM_MspPostInit)
    HAL_TIM_OC_ConfigChannel                 0x08003d31   Thumb Code   164  stm32f4xx_hal_tim.o(.text.HAL_TIM_OC_ConfigChannel)
    HAL_TIM_OC_DelayElapsedCallback          0x08003dd5   Thumb Code     8  stm32f4xx_hal_tim.o(.text.HAL_TIM_OC_DelayElapsedCallback)
    HAL_TIM_OC_Init                          0x08003ddd   Thumb Code   156  stm32f4xx_hal_tim.o(.text.HAL_TIM_OC_Init)
    HAL_TIM_OC_MspInit                       0x08003e79   Thumb Code     8  stm32f4xx_hal_tim.o(.text.HAL_TIM_OC_MspInit)
    HAL_TIM_PWM_ConfigChannel                0x08003e81   Thumb Code   322  stm32f4xx_hal_tim.o(.text.HAL_TIM_PWM_ConfigChannel)
    HAL_TIM_PWM_Init                         0x08003fc5   Thumb Code   156  stm32f4xx_hal_tim.o(.text.HAL_TIM_PWM_Init)
    HAL_TIM_PWM_MspInit                      0x08004061   Thumb Code     8  stm32f4xx_hal_tim.o(.text.HAL_TIM_PWM_MspInit)
    HAL_TIM_PWM_PulseFinishedCallback        0x08004069   Thumb Code     8  stm32f4xx_hal_tim.o(.text.HAL_TIM_PWM_PulseFinishedCallback)
    HAL_TIM_PWM_Start                        0x08004071   Thumb Code   458  stm32f4xx_hal_tim.o(.text.HAL_TIM_PWM_Start)
    HAL_TIM_PeriodElapsedCallback            0x0800423d   Thumb Code   476  drv_tim.o(.text.HAL_TIM_PeriodElapsedCallback)
    HAL_TIM_TriggerCallback                  0x08004419   Thumb Code     8  stm32f4xx_hal_tim.o(.text.HAL_TIM_TriggerCallback)
    HAL_UARTEx_ReceiveToIdle_DMA             0x08004421   Thumb Code   184  stm32f4xx_hal_uart.o(.text.HAL_UARTEx_ReceiveToIdle_DMA)
    HAL_UARTEx_RxEventCallback               0x080044d9   Thumb Code   152  drv_uart.o(.text.HAL_UARTEx_RxEventCallback)
    HAL_UART_ErrorCallback                   0x08004571   Thumb Code     8  stm32f4xx_hal_uart.o(.text.HAL_UART_ErrorCallback)
    HAL_UART_IRQHandler                      0x08004579   Thumb Code  1116  stm32f4xx_hal_uart.o(.text.HAL_UART_IRQHandler)
    HAL_UART_Init                            0x080049d5   Thumb Code   158  stm32f4xx_hal_uart.o(.text.HAL_UART_Init)
    HAL_UART_MspInit                         0x08004a75   Thumb Code  1042  usart.o(.text.HAL_UART_MspInit)
    HAL_UART_RxCpltCallback                  0x08004e89   Thumb Code     8  stm32f4xx_hal_uart.o(.text.HAL_UART_RxCpltCallback)
    HAL_UART_RxHalfCpltCallback              0x08004e91   Thumb Code     8  stm32f4xx_hal_uart.o(.text.HAL_UART_RxHalfCpltCallback)
    HAL_UART_TxCpltCallback                  0x08004e99   Thumb Code     8  stm32f4xx_hal_uart.o(.text.HAL_UART_TxCpltCallback)
    HardFault_Handler                        0x08004ea1   Thumb Code     4  stm32f4xx_it.o(.text.HardFault_Handler)
    MX_CAN1_Init                             0x08004ea5   Thumb Code    78  can.o(.text.MX_CAN1_Init)
    MX_DMA_Init                              0x08004ef5   Thumb Code   168  dma.o(.text.MX_DMA_Init)
    MX_GPIO_Init                             0x08004f9d   Thumb Code   386  gpio.o(.text.MX_GPIO_Init)
    MX_I2C2_Init                             0x08005121   Thumb Code    72  i2c.o(.text.MX_I2C2_Init)
    MX_TIM10_Init                            0x08005169   Thumb Code   144  tim.o(.text.MX_TIM10_Init)
    MX_TIM11_Init                            0x080051f9   Thumb Code   144  tim.o(.text.MX_TIM11_Init)
    MX_TIM12_Init                            0x08005289   Thumb Code   206  tim.o(.text.MX_TIM12_Init)
    MX_TIM1_Init                             0x08005359   Thumb Code   362  tim.o(.text.MX_TIM1_Init)
    MX_TIM2_Init                             0x080054c5   Thumb Code   122  tim.o(.text.MX_TIM2_Init)
    MX_TIM3_Init                             0x08005541   Thumb Code   126  tim.o(.text.MX_TIM3_Init)
    MX_TIM4_Init                             0x080055c1   Thumb Code   126  tim.o(.text.MX_TIM4_Init)
    MX_TIM5_Init                             0x08005641   Thumb Code   126  tim.o(.text.MX_TIM5_Init)
    MX_TIM7_Init                             0x080056c1   Thumb Code    90  tim.o(.text.MX_TIM7_Init)
    MX_TIM8_Init                             0x0800571d   Thumb Code   394  tim.o(.text.MX_TIM8_Init)
    MX_TIM9_Init                             0x080058a9   Thumb Code   208  tim.o(.text.MX_TIM9_Init)
    MX_UART4_Init                            0x08005979   Thumb Code    64  usart.o(.text.MX_UART4_Init)
    MX_UART5_Init                            0x080059b9   Thumb Code    64  usart.o(.text.MX_UART5_Init)
    MX_USART1_UART_Init                      0x080059f9   Thumb Code    64  usart.o(.text.MX_USART1_UART_Init)
    MX_USART2_UART_Init                      0x08005a39   Thumb Code    64  usart.o(.text.MX_USART2_UART_Init)
    MX_USART3_UART_Init                      0x08005a79   Thumb Code    64  usart.o(.text.MX_USART3_UART_Init)
    MemManage_Handler                        0x08005ab9   Thumb Code     4  stm32f4xx_it.o(.text.MemManage_Handler)
    NMI_Handler                              0x08005abd   Thumb Code     4  stm32f4xx_it.o(.text.NMI_Handler)
    PendSV_Handler                           0x08005b2d   Thumb Code     2  stm32f4xx_it.o(.text.PendSV_Handler)
    SVC_Handler                              0x08005b31   Thumb Code     2  stm32f4xx_it.o(.text.SVC_Handler)
    SysTick_Handler                          0x08005b89   Thumb Code     8  stm32f4xx_it.o(.text.SysTick_Handler)
    SystemClock_Config                       0x08005b91   Thumb Code   188  main.o(.text.SystemClock_Config)
    SystemInit                               0x08005c4d   Thumb Code    18  system_stm32f4xx.o(.text.SystemInit)
    TIM7_IRQHandler                          0x08005c61   Thumb Code    16  stm32f4xx_it.o(.text.TIM7_IRQHandler)
    TIM8_BRK_TIM12_IRQHandler                0x08005c71   Thumb Code    28  stm32f4xx_it.o(.text.TIM8_BRK_TIM12_IRQHandler)
    TIM8_CC_IRQHandler                       0x08005c8d   Thumb Code    16  stm32f4xx_it.o(.text.TIM8_CC_IRQHandler)
    TIM8_TRG_COM_TIM14_IRQHandler            0x08005c9d   Thumb Code    16  stm32f4xx_it.o(.text.TIM8_TRG_COM_TIM14_IRQHandler)
    TIM8_UP_TIM13_IRQHandler                 0x08005cad   Thumb Code    16  stm32f4xx_it.o(.text.TIM8_UP_TIM13_IRQHandler)
    TIM_Base_SetConfig                       0x08005cbd   Thumb Code   420  stm32f4xx_hal_tim.o(.text.TIM_Base_SetConfig)
    TIM_CCxChannelCmd                        0x08005e61   Thumb Code    54  stm32f4xx_hal_tim.o(.text.TIM_CCxChannelCmd)
    TIM_ETR_SetConfig                        0x08005e99   Thumb Code    52  stm32f4xx_hal_tim.o(.text.TIM_ETR_SetConfig)
    TIM_Init                                 0x08005ef9   Thumb Code   532  drv_tim.o(.text.TIM_Init)
    TIM_OC2_SetConfig                        0x080061f9   Thumb Code   244  stm32f4xx_hal_tim.o(.text.TIM_OC2_SetConfig)
    Task_Init                                0x08006529   Thumb Code   186  task.o(.text.Task_Init)
    UART_Init                                0x08006899   Thumb Code   138  drv_uart.o(.text.UART_Init)
    UART_Start_Receive_DMA                   0x08006bc9   Thumb Code   304  stm32f4xx_hal_uart.o(.text.UART_Start_Receive_DMA)
    USART1_IRQHandler                        0x08006d8d   Thumb Code    16  stm32f4xx_it.o(.text.USART1_IRQHandler)
    USART2_IRQHandler                        0x08006d9d   Thumb Code    16  stm32f4xx_it.o(.text.USART2_IRQHandler)
    USART3_IRQHandler                        0x08006dad   Thumb Code    16  stm32f4xx_it.o(.text.USART3_IRQHandler)
    UsageFault_Handler                       0x08006dbd   Thumb Code     4  stm32f4xx_it.o(.text.UsageFault_Handler)
    void Math_Constrain<float>(float*, float, float) 0x08006dc9   Thumb Code    78  alg_pid.o(.text._Z14Math_ConstrainIfEvPT_S0_S0_)
    Task_UART3_Callback(unsigned char*, unsigned short) 0x08006e19   Thumb Code    12  task.o(.text._Z19Task_UART3_CallbackPht)
    Task1ms_TIM7_Callback()                  0x08006e25   Thumb Code    16  task.o(.text._Z21Task1ms_TIM7_Callbackv)
    can_filter_mask_config(CAN_HandleTypeDef*, unsigned char, unsigned int, unsigned int) 0x08006e35   Thumb Code   158  drv_can.o(.text._Z22can_filter_mask_configP17CAN_HandleTypeDefhjj)
    Chassis_Device_CAN1_Callback(Struct_CAN_Rx_Buffer*) 0x08006ed5   Thumb Code     8  task.o(.text._Z28Chassis_Device_CAN1_CallbackP20Struct_CAN_Rx_Buffer)
    CAN_Init(CAN_HandleTypeDef*, void (*)(Struct_CAN_Rx_Buffer*)) 0x08006edd   Thumb Code   162  drv_can.o(.text._Z8CAN_InitP17CAN_HandleTypeDefPFvP20Struct_CAN_Rx_BufferE)
    float Math_Abs<float>(float)             0x08006f81   Thumb Code    54  alg_pid.o(.text._Z8Math_AbsIfET_S0_)
    Class_EoCar::TIM_Calculate_PeriodElapsedCallback() 0x08006fb9   Thumb Code   382  ita_car.o(.text._ZN11Class_EoCar35TIM_Calculate_PeriodElapsedCallbackEv)
    Class_EoCar::Init()                      0x08007139   Thumb Code   280  ita_car.o(.text._ZN11Class_EoCar4InitEv)
    Class_EoCar::Class_EoCar__sub_object()   0x0800726d   Thumb Code    52  task.o(.text._ZN11Class_EoCarC2Ev)
    Class_EncoderMotor::TIM_Encoder_Calculate() 0x080072a1   Thumb Code   292  dvc_encodermotor.o(.text._ZN18Class_EncoderMotor21TIM_Encoder_CalculateEv)
    Class_EncoderMotor::Get_EncoderMotor_PWMOutput() 0x080073d1   Thumb Code    14  ita_car.o(.text._ZN18Class_EncoderMotor26Get_EncoderMotor_PWMOutputEv)
    Class_EncoderMotor::TIM_Calculate_PeriodElapsedCallback() 0x080073e1   Thumb Code    64  dvc_encodermotor.o(.text._ZN18Class_EncoderMotor35TIM_Calculate_PeriodElapsedCallbackEv)
    Class_EncoderMotor::Init(TIM_HandleTypeDef*, unsigned short, unsigned int, float, float) 0x08007421   Thumb Code    90  dvc_encodermotor.o(.text._ZN18Class_EncoderMotor4InitEP17TIM_HandleTypeDeftjff)
    Class_EncoderMotor::Class_EncoderMotor__sub_object() 0x0800747d   Thumb Code    26  task.o(.text._ZN18Class_EncoderMotorC2Ev)
    Class_PID::Set_Target(float)             0x08007499   Thumb Code    18  dvc_encodermotor.o(.text._ZN9Class_PID10Set_TargetEf)
    Class_PID::TIM_Adjust_PeriodElapsedCallback() 0x080074ad   Thumb Code   688  alg_pid.o(.text._ZN9Class_PID32TIM_Adjust_PeriodElapsedCallbackEv)
    Class_PID::Init(float, float, float, float, float, float, float, float, float, float, float, Enum_PID_D_First) 0x0800775d   Thumb Code   116  alg_pid.o(.text._ZN9Class_PID4InitEfffffffffff16Enum_PID_D_First)
    Class_PID::Get_Out()                     0x080077d1   Thumb Code    14  dvc_encodermotor.o(.text._ZN9Class_PID7Get_OutEv)
    Class_PID::Set_Now(float)                0x080077e1   Thumb Code    18  dvc_encodermotor.o(.text._ZN9Class_PID7Set_NowEf)
    Class_PID::Class_PID__sub_object()       0x080077f5   Thumb Code    48  task.o(.text._ZN9Class_PIDC2Ev)
    main                                     0x080078f5   Thumb Code   104  main.o(.text.main)
    _fp_init                                 0x0800795d   Thumb Code    26  fpinit.o(x$fpl$fpinit)
    __fplib_config_fpu_vfp                   0x08007975   Thumb Code     0  fpinit.o(x$fpl$fpinit)
    __fplib_config_pureend_doubles           0x08007975   Thumb Code     0  fpinit.o(x$fpl$fpinit)
    AHBPrescTable                            0x08007976   Data          16  system_stm32f4xx.o(.rodata.AHBPrescTable)
    APBPrescTable                            0x08007986   Data           8  system_stm32f4xx.o(.rodata.APBPrescTable)
    Region$$Table$$Base                      0x08007998   Number         0  anon$$obj.o(Region$$Table)
    Region$$Table$$Limit                     0x080079b8   Number         0  anon$$obj.o(Region$$Table)
    SHT$$INIT_ARRAY$$Base                    0x080079b8   Number         0  task.o(.init_array)
    SHT$$INIT_ARRAY$$Limit                   0x080079bc   Number         0  init_aeabi.o(.init_array)
    SystemCoreClock                          0x20000000   Data           4  system_stm32f4xx.o(.data.SystemCoreClock)
    uwTickFreq                               0x20000004   Data           1  stm32f4xx_hal.o(.data.uwTickFreq)
    uwTickPrio                               0x20000008   Data           4  stm32f4xx_hal.o(.data.uwTickPrio)
    __libspace_start                         0x20000010   Data          96  libspace.o(.bss)
    CAN1_Manage_Object                       0x20000070   Data          44  drv_can.o(.bss.CAN1_Manage_Object)
    __temporary_stack_top$libspace           0x20000070   Data           0  libspace.o(.bss)
    CAN2_Manage_Object                       0x2000009c   Data          44  drv_can.o(.bss.CAN2_Manage_Object)
    EoCar                                    0x200000c8   Data         592  task.o(.bss.EoCar)
    TIM10_Manage_Object                      0x20000318   Data           8  drv_tim.o(.bss.TIM10_Manage_Object)
    TIM11_Manage_Object                      0x20000320   Data           8  drv_tim.o(.bss.TIM11_Manage_Object)
    TIM12_Manage_Object                      0x20000328   Data           8  drv_tim.o(.bss.TIM12_Manage_Object)
    TIM13_Manage_Object                      0x20000330   Data           8  drv_tim.o(.bss.TIM13_Manage_Object)
    TIM14_Manage_Object                      0x20000338   Data           8  drv_tim.o(.bss.TIM14_Manage_Object)
    TIM1_Manage_Object                       0x20000340   Data           8  drv_tim.o(.bss.TIM1_Manage_Object)
    TIM2_Manage_Object                       0x20000348   Data           8  drv_tim.o(.bss.TIM2_Manage_Object)
    TIM3_Manage_Object                       0x20000350   Data           8  drv_tim.o(.bss.TIM3_Manage_Object)
    TIM4_Manage_Object                       0x20000358   Data           8  drv_tim.o(.bss.TIM4_Manage_Object)
    TIM5_Manage_Object                       0x20000360   Data           8  drv_tim.o(.bss.TIM5_Manage_Object)
    TIM6_Manage_Object                       0x20000368   Data           8  drv_tim.o(.bss.TIM6_Manage_Object)
    TIM7_Manage_Object                       0x20000370   Data           8  drv_tim.o(.bss.TIM7_Manage_Object)
    TIM8_Manage_Object                       0x20000378   Data           8  drv_tim.o(.bss.TIM8_Manage_Object)
    TIM9_Manage_Object                       0x20000380   Data           8  drv_tim.o(.bss.TIM9_Manage_Object)
    UART1_Manage_Object                      0x20000388   Data        1040  drv_uart.o(.bss.UART1_Manage_Object)
    UART6_Manage_Object                      0x20000798   Data        1040  drv_uart.o(.bss.UART6_Manage_Object)
    hcan1                                    0x20000ba8   Data          40  can.o(.bss.hcan1)
    hdma_i2c2_rx                             0x20000bd0   Data          96  i2c.o(.bss.hdma_i2c2_rx)
    hdma_i2c2_tx                             0x20000c30   Data          96  i2c.o(.bss.hdma_i2c2_tx)
    hdma_usart1_rx                           0x20000c90   Data          96  usart.o(.bss.hdma_usart1_rx)
    hdma_usart2_rx                           0x20000cf0   Data          96  usart.o(.bss.hdma_usart2_rx)
    hdma_usart3_rx                           0x20000d50   Data          96  usart.o(.bss.hdma_usart3_rx)
    hi2c2                                    0x20000db0   Data          84  i2c.o(.bss.hi2c2)
    htim1                                    0x20000e04   Data          72  tim.o(.bss.htim1)
    htim10                                   0x20000e4c   Data          72  tim.o(.bss.htim10)
    htim11                                   0x20000e94   Data          72  tim.o(.bss.htim11)
    htim12                                   0x20000edc   Data          72  tim.o(.bss.htim12)
    htim2                                    0x20000f24   Data          72  tim.o(.bss.htim2)
    htim3                                    0x20000f6c   Data          72  tim.o(.bss.htim3)
    htim4                                    0x20000fb4   Data          72  tim.o(.bss.htim4)
    htim5                                    0x20000ffc   Data          72  tim.o(.bss.htim5)
    htim7                                    0x20001044   Data          72  tim.o(.bss.htim7)
    htim8                                    0x2000108c   Data          72  tim.o(.bss.htim8)
    htim9                                    0x200010d4   Data          72  tim.o(.bss.htim9)
    huart1                                   0x2000111c   Data          72  usart.o(.bss.huart1)
    huart2                                   0x20001164   Data          72  usart.o(.bss.huart2)
    huart3                                   0x200011ac   Data          72  usart.o(.bss.huart3)
    huart4                                   0x200011f4   Data          72  usart.o(.bss.huart4)
    huart5                                   0x2000123c   Data          72  usart.o(.bss.huart5)
    uwTick                                   0x20001284   Data           4  stm32f4xx_hal.o(.bss.uwTick)



==============================================================================

Memory Map of the image

  Image Entry point : 0x08000189

  Load Region LR_IROM1 (Base: 0x08000000, Size: 0x000079d0, Max: 0x00080000, ABSOLUTE)

    Execution Region ER_IROM1 (Exec base: 0x08000000, Load base: 0x08000000, Size: 0x000079bc, Max: 0x00080000, ABSOLUTE)

    Exec Addr    Load Addr    Size         Type   Attr      Idx    E Section Name        Object

    0x08000000   0x08000000   0x00000188   Data   RO            3    RESET               startup_stm32f407xx.o
    0x08000188   0x08000188   0x00000008   Code   RO         1755  * !!!main             c_w.l(__main.o)
    0x08000190   0x08000190   0x0000005c   Code   RO         2013    !!!scatter          c_w.l(__scatter.o)
    0x080001ec   0x080001ec   0x0000001a   Code   RO         2017    !!handler_copy      c_w.l(__scatter_copy.o)
    0x08000206   0x08000206   0x00000002   PAD
    0x08000208   0x08000208   0x00000002   Code   RO         2014    !!handler_null      c_w.l(__scatter.o)
    0x0800020a   0x0800020a   0x00000002   PAD
    0x0800020c   0x0800020c   0x0000001c   Code   RO         2019    !!handler_zi        c_w.l(__scatter_zi.o)
    0x08000228   0x08000228   0x00000002   Code   RO         1934    .ARM.Collect$$libinit$$00000000  c_w.l(libinit.o)
    0x0800022a   0x0800022a   0x00000004   Code   RO         1778    .ARM.Collect$$libinit$$00000001  c_w.l(libinit2.o)
    0x0800022e   0x0800022e   0x00000000   Code   RO         1781    .ARM.Collect$$libinit$$00000004  c_w.l(libinit2.o)
    0x0800022e   0x0800022e   0x00000000   Code   RO         1783    .ARM.Collect$$libinit$$00000006  c_w.l(libinit2.o)
    0x0800022e   0x0800022e   0x00000000   Code   RO         1786    .ARM.Collect$$libinit$$0000000C  c_w.l(libinit2.o)
    0x0800022e   0x0800022e   0x00000000   Code   RO         1788    .ARM.Collect$$libinit$$0000000E  c_w.l(libinit2.o)
    0x0800022e   0x0800022e   0x00000000   Code   RO         1790    .ARM.Collect$$libinit$$00000010  c_w.l(libinit2.o)
    0x0800022e   0x0800022e   0x00000000   Code   RO         1793    .ARM.Collect$$libinit$$00000013  c_w.l(libinit2.o)
    0x0800022e   0x0800022e   0x00000000   Code   RO         1795    .ARM.Collect$$libinit$$00000015  c_w.l(libinit2.o)
    0x0800022e   0x0800022e   0x00000000   Code   RO         1797    .ARM.Collect$$libinit$$00000017  c_w.l(libinit2.o)
    0x0800022e   0x0800022e   0x00000000   Code   RO         1799    .ARM.Collect$$libinit$$00000019  c_w.l(libinit2.o)
    0x0800022e   0x0800022e   0x00000000   Code   RO         1801    .ARM.Collect$$libinit$$0000001B  c_w.l(libinit2.o)
    0x0800022e   0x0800022e   0x00000000   Code   RO         1803    .ARM.Collect$$libinit$$0000001D  c_w.l(libinit2.o)
    0x0800022e   0x0800022e   0x00000000   Code   RO         1805    .ARM.Collect$$libinit$$0000001F  c_w.l(libinit2.o)
    0x0800022e   0x0800022e   0x00000000   Code   RO         1807    .ARM.Collect$$libinit$$00000021  c_w.l(libinit2.o)
    0x0800022e   0x0800022e   0x00000000   Code   RO         1809    .ARM.Collect$$libinit$$00000023  c_w.l(libinit2.o)
    0x0800022e   0x0800022e   0x00000000   Code   RO         1811    .ARM.Collect$$libinit$$00000025  c_w.l(libinit2.o)
    0x0800022e   0x0800022e   0x00000000   Code   RO         1813    .ARM.Collect$$libinit$$00000027  c_w.l(libinit2.o)
    0x0800022e   0x0800022e   0x00000000   Code   RO         1817    .ARM.Collect$$libinit$$0000002E  c_w.l(libinit2.o)
    0x0800022e   0x0800022e   0x00000000   Code   RO         1819    .ARM.Collect$$libinit$$00000030  c_w.l(libinit2.o)
    0x0800022e   0x0800022e   0x00000000   Code   RO         1821    .ARM.Collect$$libinit$$00000032  c_w.l(libinit2.o)
    0x0800022e   0x0800022e   0x00000004   Code   RO         1822    .ARM.Collect$$libinit$$00000033  c_w.l(libinit2.o)
    0x08000232   0x08000232   0x00000000   Code   RO         1823    .ARM.Collect$$libinit$$00000034  c_w.l(libinit2.o)
    0x08000232   0x08000232   0x00000002   Code   RO         1824    .ARM.Collect$$libinit$$00000035  c_w.l(libinit2.o)
    0x08000234   0x08000234   0x00000002   Code   RO         1981    .ARM.Collect$$libshutdown$$00000000  c_w.l(libshutdown.o)
    0x08000236   0x08000236   0x00000000   Code   RO         1997    .ARM.Collect$$libshutdown$$00000002  c_w.l(libshutdown2.o)
    0x08000236   0x08000236   0x00000000   Code   RO         1999    .ARM.Collect$$libshutdown$$00000004  c_w.l(libshutdown2.o)
    0x08000236   0x08000236   0x00000000   Code   RO         2002    .ARM.Collect$$libshutdown$$00000007  c_w.l(libshutdown2.o)
    0x08000236   0x08000236   0x00000000   Code   RO         2005    .ARM.Collect$$libshutdown$$0000000A  c_w.l(libshutdown2.o)
    0x08000236   0x08000236   0x00000000   Code   RO         2007    .ARM.Collect$$libshutdown$$0000000C  c_w.l(libshutdown2.o)
    0x08000236   0x08000236   0x00000000   Code   RO         2010    .ARM.Collect$$libshutdown$$0000000F  c_w.l(libshutdown2.o)
    0x08000236   0x08000236   0x00000002   Code   RO         2011    .ARM.Collect$$libshutdown$$00000010  c_w.l(libshutdown2.o)
    0x08000238   0x08000238   0x00000000   Code   RO         1771    .ARM.Collect$$rtentry$$00000000  c_w.l(__rtentry.o)
    0x08000238   0x08000238   0x00000000   Code   RO         1877    .ARM.Collect$$rtentry$$00000002  c_w.l(__rtentry2.o)
    0x08000238   0x08000238   0x00000006   Code   RO         1889    .ARM.Collect$$rtentry$$00000004  c_w.l(__rtentry4.o)
    0x0800023e   0x0800023e   0x00000000   Code   RO         1879    .ARM.Collect$$rtentry$$00000009  c_w.l(__rtentry2.o)
    0x0800023e   0x0800023e   0x00000004   Code   RO         1880    .ARM.Collect$$rtentry$$0000000A  c_w.l(__rtentry2.o)
    0x08000242   0x08000242   0x00000000   Code   RO         1882    .ARM.Collect$$rtentry$$0000000C  c_w.l(__rtentry2.o)
    0x08000242   0x08000242   0x00000008   Code   RO         1883    .ARM.Collect$$rtentry$$0000000D  c_w.l(__rtentry2.o)
    0x0800024a   0x0800024a   0x00000002   Code   RO         1939    .ARM.Collect$$rtexit$$00000000  c_w.l(rtexit.o)
    0x0800024c   0x0800024c   0x00000000   Code   RO         1961    .ARM.Collect$$rtexit$$00000002  c_w.l(rtexit2.o)
    0x0800024c   0x0800024c   0x00000004   Code   RO         1962    .ARM.Collect$$rtexit$$00000003  c_w.l(rtexit2.o)
    0x08000250   0x08000250   0x00000006   Code   RO         1963    .ARM.Collect$$rtexit$$00000004  c_w.l(rtexit2.o)
    0x08000256   0x08000256   0x00000002   PAD
    0x08000258   0x08000258   0x00000040   Code   RO            4    .text               startup_stm32f407xx.o
    0x08000298   0x08000298   0x000000f0   Code   RO         1749    .text               c_w.l(lludivv7m.o)
    0x08000388   0x08000388   0x0000004e   Code   RO         1751    .text               c_w.l(rt_memclr_w.o)
    0x080003d6   0x080003d6   0x00000006   Code   RO         1753    .text               c_w.l(heapauxi.o)
    0x080003dc   0x080003dc   0x0000002c   Code   RO         1760    .text               c_w.l(init_aeabi.o)
    0x08000408   0x08000408   0x00000008   Code   RO         1914    .text               c_w.l(libspace.o)
    0x08000410   0x08000410   0x0000004a   Code   RO         1917    .text               c_w.l(sys_stackheap_outer.o)
    0x0800045a   0x0800045a   0x00000012   Code   RO         1919    .text               c_w.l(exit.o)
    0x0800046c   0x0800046c   0x0000000c   Code   RO         1953    .text               c_w.l(sys_exit.o)
    0x08000478   0x08000478   0x00000002   Code   RO         1957    .text               c_w.l(use_no_semi.o)
    0x0800047a   0x0800047a   0x00000000   Code   RO         1959    .text               c_w.l(indicate_semi.o)
    0x0800047a   0x0800047a   0x00000002   PAD
    0x0800047c   0x0800047c   0x00000004   Code   RO          156    .text.BusFault_Handler  stm32f4xx_it.o
    0x08000480   0x08000480   0x00000010   Code   RO          174    .text.CAN1_RX0_IRQHandler  stm32f4xx_it.o
    0x08000490   0x08000490   0x00000010   Code   RO          176    .text.CAN1_RX1_IRQHandler  stm32f4xx_it.o
    0x080004a0   0x080004a0   0x00000010   Code   RO          168    .text.DMA1_Stream1_IRQHandler  stm32f4xx_it.o
    0x080004b0   0x080004b0   0x00000010   Code   RO          170    .text.DMA1_Stream2_IRQHandler  stm32f4xx_it.o
    0x080004c0   0x080004c0   0x00000010   Code   RO          172    .text.DMA1_Stream5_IRQHandler  stm32f4xx_it.o
    0x080004d0   0x080004d0   0x00000010   Code   RO          192    .text.DMA1_Stream7_IRQHandler  stm32f4xx_it.o
    0x080004e0   0x080004e0   0x00000010   Code   RO          196    .text.DMA2_Stream2_IRQHandler  stm32f4xx_it.o
    0x080004f0   0x080004f0   0x00000056   Code   RO          470    .text.DMA_CalcBaseAndBitshift  stm32f4xx_hal_dma.o
    0x08000546   0x08000546   0x00000002   PAD
    0x08000548   0x08000548   0x000000f0   Code   RO          468    .text.DMA_CheckFifoParam  stm32f4xx_hal_dma.o
    0x08000638   0x08000638   0x00000050   Code   RO          476    .text.DMA_SetConfig  stm32f4xx_hal_dma.o
    0x08000688   0x08000688   0x00000002   Code   RO          162    .text.DebugMon_Handler  stm32f4xx_it.o
    0x0800068a   0x0800068a   0x00000002   PAD
    0x0800068c   0x0800068c   0x00000006   Code   RO           15    .text.Error_Handler  main.o
    0x08000692   0x08000692   0x00000002   PAD
    0x08000694   0x08000694   0x00000052   Code   RO          247    .text.HAL_CAN_ActivateNotification  stm32f4xx_hal_can.o
    0x080006e6   0x080006e6   0x00000002   PAD
    0x080006e8   0x080006e8   0x0000019e   Code   RO          223    .text.HAL_CAN_ConfigFilter  stm32f4xx_hal_can.o
    0x08000886   0x08000886   0x00000002   PAD
    0x08000888   0x08000888   0x00000008   Code   RO          277    .text.HAL_CAN_ErrorCallback  stm32f4xx_hal_can.o
    0x08000890   0x08000890   0x00000212   Code   RO          243    .text.HAL_CAN_GetRxMessage  stm32f4xx_hal_can.o
    0x08000aa2   0x08000aa2   0x00000002   PAD
    0x08000aa4   0x08000aa4   0x000003f2   Code   RO          251    .text.HAL_CAN_IRQHandler  stm32f4xx_hal_can.o
    0x08000e96   0x08000e96   0x00000002   PAD
    0x08000e98   0x08000e98   0x000001de   Code   RO          213    .text.HAL_CAN_Init  stm32f4xx_hal_can.o
    0x08001076   0x08001076   0x00000002   PAD
    0x08001078   0x08001078   0x000000b4   Code   RO           35    .text.HAL_CAN_MspInit  can.o
    0x0800112c   0x0800112c   0x00000008   Code   RO          265    .text.HAL_CAN_RxFifo0FullCallback  stm32f4xx_hal_can.o
    0x08001134   0x08001134   0x00000078   Code   RO         1490    .text.HAL_CAN_RxFifo0MsgPendingCallback  drv_can.o
    0x080011ac   0x080011ac   0x00000008   Code   RO          269    .text.HAL_CAN_RxFifo1FullCallback  stm32f4xx_hal_can.o
    0x080011b4   0x080011b4   0x00000078   Code   RO         1492    .text.HAL_CAN_RxFifo1MsgPendingCallback  drv_can.o
    0x0800122c   0x0800122c   0x00000008   Code   RO          273    .text.HAL_CAN_SleepCallback  stm32f4xx_hal_can.o
    0x08001234   0x08001234   0x0000008a   Code   RO          225    .text.HAL_CAN_Start  stm32f4xx_hal_can.o
    0x080012be   0x080012be   0x00000002   PAD
    0x080012c0   0x080012c0   0x00000008   Code   RO          255    .text.HAL_CAN_TxMailbox0AbortCallback  stm32f4xx_hal_can.o
    0x080012c8   0x080012c8   0x00000008   Code   RO          253    .text.HAL_CAN_TxMailbox0CompleteCallback  stm32f4xx_hal_can.o
    0x080012d0   0x080012d0   0x00000008   Code   RO          259    .text.HAL_CAN_TxMailbox1AbortCallback  stm32f4xx_hal_can.o
    0x080012d8   0x080012d8   0x00000008   Code   RO          257    .text.HAL_CAN_TxMailbox1CompleteCallback  stm32f4xx_hal_can.o
    0x080012e0   0x080012e0   0x00000008   Code   RO          263    .text.HAL_CAN_TxMailbox2AbortCallback  stm32f4xx_hal_can.o
    0x080012e8   0x080012e8   0x00000008   Code   RO          261    .text.HAL_CAN_TxMailbox2CompleteCallback  stm32f4xx_hal_can.o
    0x080012f0   0x080012f0   0x00000008   Code   RO          275    .text.HAL_CAN_WakeUpFromRxMsgCallback  stm32f4xx_hal_can.o
    0x080012f8   0x080012f8   0x000000ec   Code   RO          480    .text.HAL_DMA_Abort  stm32f4xx_hal_dma.o
    0x080013e4   0x080013e4   0x00000044   Code   RO          482    .text.HAL_DMA_Abort_IT  stm32f4xx_hal_dma.o
    0x08001428   0x08001428   0x0000031e   Code   RO          486    .text.HAL_DMA_IRQHandler  stm32f4xx_hal_dma.o
    0x08001746   0x08001746   0x00000002   PAD
    0x08001748   0x08001748   0x0000016e   Code   RO          466    .text.HAL_DMA_Init  stm32f4xx_hal_dma.o
    0x080018b6   0x080018b6   0x00000002   PAD
    0x080018b8   0x080018b8   0x000000c2   Code   RO          478    .text.HAL_DMA_Start_IT  stm32f4xx_hal_dma.o
    0x0800197a   0x0800197a   0x00000002   PAD
    0x0800197c   0x0800197c   0x000003b6   Code   RO          428    .text.HAL_GPIO_Init  stm32f4xx_hal_gpio.o
    0x08001d32   0x08001d32   0x00000002   PAD
    0x08001d34   0x08001d34   0x0000002e   Code   RO          434    .text.HAL_GPIO_WritePin  stm32f4xx_hal_gpio.o
    0x08001d62   0x08001d62   0x00000002   PAD
    0x08001d64   0x08001d64   0x0000000c   Code   RO          653    .text.HAL_GetTick   stm32f4xx_hal.o
    0x08001d70   0x08001d70   0x000002a4   Code   RO          730    .text.HAL_I2C_Init  stm32f4xx_hal_i2c.o
    0x08002014   0x08002014   0x0000013a   Code   RO           57    .text.HAL_I2C_MspInit  i2c.o
    0x0800214e   0x0800214e   0x00000002   PAD
    0x08002150   0x08002150   0x0000001a   Code   RO          651    .text.HAL_IncTick   stm32f4xx_hal.o
    0x0800216a   0x0800216a   0x00000002   PAD
    0x0800216c   0x0800216c   0x00000036   Code   RO          641    .text.HAL_Init      stm32f4xx_hal.o
    0x080021a2   0x080021a2   0x00000002   PAD
    0x080021a4   0x080021a4   0x00000070   Code   RO          643    .text.HAL_InitTick  stm32f4xx_hal.o
    0x08002214   0x08002214   0x0000004a   Code   RO          205    .text.HAL_MspInit   stm32f4xx_hal_msp.o
    0x0800225e   0x0800225e   0x00000002   PAD
    0x08002260   0x08002260   0x00000014   Code   RO          576    .text.HAL_NVIC_EnableIRQ  stm32f4xx_hal_cortex.o
    0x08002274   0x08002274   0x00000032   Code   RO          568    .text.HAL_NVIC_SetPriority  stm32f4xx_hal_cortex.o
    0x080022a6   0x080022a6   0x00000002   PAD
    0x080022a8   0x080022a8   0x00000010   Code   RO          564    .text.HAL_NVIC_SetPriorityGrouping  stm32f4xx_hal_cortex.o
    0x080022b8   0x080022b8   0x00000262   Code   RO          296    .text.HAL_RCC_ClockConfig  stm32f4xx_hal_rcc.o
    0x0800251a   0x0800251a   0x00000002   PAD
    0x0800251c   0x0800251c   0x0000000c   Code   RO          306    .text.HAL_RCC_GetHCLKFreq  stm32f4xx_hal_rcc.o
    0x08002528   0x08002528   0x00000022   Code   RO          308    .text.HAL_RCC_GetPCLK1Freq  stm32f4xx_hal_rcc.o
    0x0800254a   0x0800254a   0x00000002   PAD
    0x0800254c   0x0800254c   0x00000022   Code   RO          310    .text.HAL_RCC_GetPCLK2Freq  stm32f4xx_hal_rcc.o
    0x0800256e   0x0800256e   0x00000002   PAD
    0x08002570   0x08002570   0x000000e6   Code   RO          298    .text.HAL_RCC_GetSysClockFreq  stm32f4xx_hal_rcc.o
    0x08002656   0x08002656   0x00000002   PAD
    0x08002658   0x08002658   0x000006be   Code   RO          294    .text.HAL_RCC_OscConfig  stm32f4xx_hal_rcc.o
    0x08002d16   0x08002d16   0x00000002   PAD
    0x08002d18   0x08002d18   0x00000010   Code   RO          588    .text.HAL_SYSTICK_Config  stm32f4xx_hal_cortex.o
    0x08002d28   0x08002d28   0x00000008   Code   RO         1225    .text.HAL_TIMEx_BreakCallback  stm32f4xx_hal_tim_ex.o
    0x08002d30   0x08002d30   0x00000008   Code   RO         1221    .text.HAL_TIMEx_CommutCallback  stm32f4xx_hal_tim_ex.o
    0x08002d38   0x08002d38   0x000000b2   Code   RO         1217    .text.HAL_TIMEx_ConfigBreakDeadTime  stm32f4xx_hal_tim_ex.o
    0x08002dea   0x08002dea   0x00000002   PAD
    0x08002dec   0x08002dec   0x00000122   Code   RO         1215    .text.HAL_TIMEx_MasterConfigSynchronization  stm32f4xx_hal_tim_ex.o
    0x08002f0e   0x08002f0e   0x00000002   PAD
    0x08002f10   0x08002f10   0x0000009c   Code   RO          902    .text.HAL_TIM_Base_Init  stm32f4xx_hal_tim.o
    0x08002fac   0x08002fac   0x000001fc   Code   RO           95    .text.HAL_TIM_Base_MspInit  tim.o
    0x080031a8   0x080031a8   0x000000f6   Code   RO          916    .text.HAL_TIM_Base_Start_IT  stm32f4xx_hal_tim.o
    0x0800329e   0x0800329e   0x00000002   PAD
    0x080032a0   0x080032a0   0x00000184   Code   RO         1094    .text.HAL_TIM_ConfigClockSource  stm32f4xx_hal_tim.o
    0x08003424   0x08003424   0x00000130   Code   RO         1016    .text.HAL_TIM_Encoder_Init  stm32f4xx_hal_tim.o
    0x08003554   0x08003554   0x0000023c   Code   RO           97    .text.HAL_TIM_Encoder_MspInit  tim.o
    0x08003790   0x08003790   0x0000014e   Code   RO         1024    .text.HAL_TIM_Encoder_Start  stm32f4xx_hal_tim.o
    0x080038de   0x080038de   0x00000002   PAD
    0x080038e0   0x080038e0   0x00000008   Code   RO         1038    .text.HAL_TIM_IC_CaptureCallback  stm32f4xx_hal_tim.o
    0x080038e8   0x080038e8   0x0000021a   Code   RO         1036    .text.HAL_TIM_IRQHandler  stm32f4xx_hal_tim.o
    0x08003b02   0x08003b02   0x00000002   PAD
    0x08003b04   0x08003b04   0x0000022a   Code   RO           73    .text.HAL_TIM_MspPostInit  tim.o
    0x08003d2e   0x08003d2e   0x00000002   PAD
    0x08003d30   0x08003d30   0x000000a4   Code   RO         1048    .text.HAL_TIM_OC_ConfigChannel  stm32f4xx_hal_tim.o
    0x08003dd4   0x08003dd4   0x00000008   Code   RO         1040    .text.HAL_TIM_OC_DelayElapsedCallback  stm32f4xx_hal_tim.o
    0x08003ddc   0x08003ddc   0x0000009c   Code   RO          930    .text.HAL_TIM_OC_Init  stm32f4xx_hal_tim.o
    0x08003e78   0x08003e78   0x00000008   Code   RO          932    .text.HAL_TIM_OC_MspInit  stm32f4xx_hal_tim.o
    0x08003e80   0x08003e80   0x00000142   Code   RO         1068    .text.HAL_TIM_PWM_ConfigChannel  stm32f4xx_hal_tim.o
    0x08003fc2   0x08003fc2   0x00000002   PAD
    0x08003fc4   0x08003fc4   0x0000009c   Code   RO          956    .text.HAL_TIM_PWM_Init  stm32f4xx_hal_tim.o
    0x08004060   0x08004060   0x00000008   Code   RO          958    .text.HAL_TIM_PWM_MspInit  stm32f4xx_hal_tim.o
    0x08004068   0x08004068   0x00000008   Code   RO         1042    .text.HAL_TIM_PWM_PulseFinishedCallback  stm32f4xx_hal_tim.o
    0x08004070   0x08004070   0x000001ca   Code   RO          964    .text.HAL_TIM_PWM_Start  stm32f4xx_hal_tim.o
    0x0800423a   0x0800423a   0x00000002   PAD
    0x0800423c   0x0800423c   0x000001dc   Code   RO         1421    .text.HAL_TIM_PeriodElapsedCallback  drv_tim.o
    0x08004418   0x08004418   0x00000008   Code   RO         1046    .text.HAL_TIM_TriggerCallback  stm32f4xx_hal_tim.o
    0x08004420   0x08004420   0x000000b8   Code   RO         1292    .text.HAL_UARTEx_ReceiveToIdle_DMA  stm32f4xx_hal_uart.o
    0x080044d8   0x080044d8   0x00000098   Code   RO         1559    .text.HAL_UARTEx_RxEventCallback  drv_uart.o
    0x08004570   0x08004570   0x00000008   Code   RO         1328    .text.HAL_UART_ErrorCallback  stm32f4xx_hal_uart.o
    0x08004578   0x08004578   0x0000045c   Code   RO         1322    .text.HAL_UART_IRQHandler  stm32f4xx_hal_uart.o
    0x080049d4   0x080049d4   0x0000009e   Code   RO         1238    .text.HAL_UART_Init  stm32f4xx_hal_uart.o
    0x08004a72   0x08004a72   0x00000002   PAD
    0x08004a74   0x08004a74   0x00000412   Code   RO          131    .text.HAL_UART_MspInit  usart.o
    0x08004e86   0x08004e86   0x00000002   PAD
    0x08004e88   0x08004e88   0x00000008   Code   RO         1340    .text.HAL_UART_RxCpltCallback  stm32f4xx_hal_uart.o
    0x08004e90   0x08004e90   0x00000008   Code   RO         1342    .text.HAL_UART_RxHalfCpltCallback  stm32f4xx_hal_uart.o
    0x08004e98   0x08004e98   0x00000008   Code   RO         1336    .text.HAL_UART_TxCpltCallback  stm32f4xx_hal_uart.o
    0x08004ea0   0x08004ea0   0x00000004   Code   RO          152    .text.HardFault_Handler  stm32f4xx_it.o
    0x08004ea4   0x08004ea4   0x0000004e   Code   RO           33    .text.MX_CAN1_Init  can.o
    0x08004ef2   0x08004ef2   0x00000002   PAD
    0x08004ef4   0x08004ef4   0x000000a8   Code   RO           47    .text.MX_DMA_Init   dma.o
    0x08004f9c   0x08004f9c   0x00000182   Code   RO           25    .text.MX_GPIO_Init  gpio.o
    0x0800511e   0x0800511e   0x00000002   PAD
    0x08005120   0x08005120   0x00000048   Code   RO           55    .text.MX_I2C2_Init  i2c.o
    0x08005168   0x08005168   0x00000090   Code   RO           89    .text.MX_TIM10_Init  tim.o
    0x080051f8   0x080051f8   0x00000090   Code   RO           91    .text.MX_TIM11_Init  tim.o
    0x08005288   0x08005288   0x000000ce   Code   RO           93    .text.MX_TIM12_Init  tim.o
    0x08005356   0x08005356   0x00000002   PAD
    0x08005358   0x08005358   0x0000016a   Code   RO           71    .text.MX_TIM1_Init  tim.o
    0x080054c2   0x080054c2   0x00000002   PAD
    0x080054c4   0x080054c4   0x0000007a   Code   RO           75    .text.MX_TIM2_Init  tim.o
    0x0800553e   0x0800553e   0x00000002   PAD
    0x08005540   0x08005540   0x0000007e   Code   RO           77    .text.MX_TIM3_Init  tim.o
    0x080055be   0x080055be   0x00000002   PAD
    0x080055c0   0x080055c0   0x0000007e   Code   RO           79    .text.MX_TIM4_Init  tim.o
    0x0800563e   0x0800563e   0x00000002   PAD
    0x08005640   0x08005640   0x0000007e   Code   RO           81    .text.MX_TIM5_Init  tim.o
    0x080056be   0x080056be   0x00000002   PAD
    0x080056c0   0x080056c0   0x0000005a   Code   RO           83    .text.MX_TIM7_Init  tim.o
    0x0800571a   0x0800571a   0x00000002   PAD
    0x0800571c   0x0800571c   0x0000018a   Code   RO           85    .text.MX_TIM8_Init  tim.o
    0x080058a6   0x080058a6   0x00000002   PAD
    0x080058a8   0x080058a8   0x000000d0   Code   RO           87    .text.MX_TIM9_Init  tim.o
    0x08005978   0x08005978   0x00000040   Code   RO          121    .text.MX_UART4_Init  usart.o
    0x080059b8   0x080059b8   0x00000040   Code   RO          123    .text.MX_UART5_Init  usart.o
    0x080059f8   0x080059f8   0x00000040   Code   RO          125    .text.MX_USART1_UART_Init  usart.o
    0x08005a38   0x08005a38   0x00000040   Code   RO          127    .text.MX_USART2_UART_Init  usart.o
    0x08005a78   0x08005a78   0x00000040   Code   RO          129    .text.MX_USART3_UART_Init  usart.o
    0x08005ab8   0x08005ab8   0x00000004   Code   RO          154    .text.MemManage_Handler  stm32f4xx_it.o
    0x08005abc   0x08005abc   0x00000004   Code   RO          150    .text.NMI_Handler   stm32f4xx_it.o
    0x08005ac0   0x08005ac0   0x0000006c   Code   RO          574    .text.NVIC_EncodePriority  stm32f4xx_hal_cortex.o
    0x08005b2c   0x08005b2c   0x00000002   Code   RO          164    .text.PendSV_Handler  stm32f4xx_it.o
    0x08005b2e   0x08005b2e   0x00000002   PAD
    0x08005b30   0x08005b30   0x00000002   Code   RO          160    .text.SVC_Handler   stm32f4xx_it.o
    0x08005b32   0x08005b32   0x00000002   PAD
    0x08005b34   0x08005b34   0x00000052   Code   RO          590    .text.SysTick_Config  stm32f4xx_hal_cortex.o
    0x08005b86   0x08005b86   0x00000002   PAD
    0x08005b88   0x08005b88   0x00000008   Code   RO          166    .text.SysTick_Handler  stm32f4xx_it.o
    0x08005b90   0x08005b90   0x000000bc   Code   RO           13    .text.SystemClock_Config  main.o
    0x08005c4c   0x08005c4c   0x00000012   Code   RO         1369    .text.SystemInit    system_stm32f4xx.o
    0x08005c5e   0x08005c5e   0x00000002   PAD
    0x08005c60   0x08005c60   0x00000010   Code   RO          194    .text.TIM7_IRQHandler  stm32f4xx_it.o
    0x08005c70   0x08005c70   0x0000001c   Code   RO          184    .text.TIM8_BRK_TIM12_IRQHandler  stm32f4xx_it.o
    0x08005c8c   0x08005c8c   0x00000010   Code   RO          190    .text.TIM8_CC_IRQHandler  stm32f4xx_it.o
    0x08005c9c   0x08005c9c   0x00000010   Code   RO          188    .text.TIM8_TRG_COM_TIM14_IRQHandler  stm32f4xx_it.o
    0x08005cac   0x08005cac   0x00000010   Code   RO          186    .text.TIM8_UP_TIM13_IRQHandler  stm32f4xx_it.o
    0x08005cbc   0x08005cbc   0x000001a4   Code   RO          906    .text.TIM_Base_SetConfig  stm32f4xx_hal_tim.o
    0x08005e60   0x08005e60   0x00000036   Code   RO          940    .text.TIM_CCxChannelCmd  stm32f4xx_hal_tim.o
    0x08005e96   0x08005e96   0x00000002   PAD
    0x08005e98   0x08005e98   0x00000034   Code   RO         1092    .text.TIM_ETR_SetConfig  stm32f4xx_hal_tim.o
    0x08005ecc   0x08005ecc   0x0000002a   Code   RO         1098    .text.TIM_ITRx_SetConfig  stm32f4xx_hal_tim.o
    0x08005ef6   0x08005ef6   0x00000002   PAD
    0x08005ef8   0x08005ef8   0x00000214   Code   RO         1419    .text.TIM_Init      drv_tim.o
    0x0800610c   0x0800610c   0x000000ea   Code   RO         1050    .text.TIM_OC1_SetConfig  stm32f4xx_hal_tim.o
    0x080061f6   0x080061f6   0x00000002   PAD
    0x080061f8   0x080061f8   0x000000f4   Code   RO         1052    .text.TIM_OC2_SetConfig  stm32f4xx_hal_tim.o
    0x080062ec   0x080062ec   0x000000f2   Code   RO         1054    .text.TIM_OC3_SetConfig  stm32f4xx_hal_tim.o
    0x080063de   0x080063de   0x00000002   PAD
    0x080063e0   0x080063e0   0x000000a4   Code   RO         1056    .text.TIM_OC4_SetConfig  stm32f4xx_hal_tim.o
    0x08006484   0x08006484   0x00000050   Code   RO         1096    .text.TIM_TI1_ConfigInputStage  stm32f4xx_hal_tim.o
    0x080064d4   0x080064d4   0x00000052   Code   RO         1100    .text.TIM_TI2_ConfigInputStage  stm32f4xx_hal_tim.o
    0x08006526   0x08006526   0x00000002   PAD
    0x08006528   0x08006528   0x000000ba   Code   RO         1598    .text.Task_Init     task.o
    0x080065e2   0x080065e2   0x00000002   PAD
    0x080065e4   0x080065e4   0x0000001c   Code   RO         1326    .text.UART_DMAAbortOnError  stm32f4xx_hal_uart.o
    0x08006600   0x08006600   0x0000007c   Code   RO         1272    .text.UART_DMAError  stm32f4xx_hal_uart.o
    0x0800667c   0x0800667c   0x000000f4   Code   RO         1358    .text.UART_DMAReceiveCplt  stm32f4xx_hal_uart.o
    0x08006770   0x08006770   0x00000034   Code   RO         1360    .text.UART_DMARxHalfCplt  stm32f4xx_hal_uart.o
    0x080067a4   0x080067a4   0x00000094   Code   RO         1286    .text.UART_EndRxTransfer  stm32f4xx_hal_uart.o
    0x08006838   0x08006838   0x00000026   Code   RO         1334    .text.UART_EndTransmit_IT  stm32f4xx_hal_uart.o
    0x0800685e   0x0800685e   0x00000002   PAD
    0x08006860   0x08006860   0x00000036   Code   RO         1284    .text.UART_EndTxTransfer  stm32f4xx_hal_uart.o
    0x08006896   0x08006896   0x00000002   PAD
    0x08006898   0x08006898   0x0000008a   Code   RO         1553    .text.UART_Init     drv_uart.o
    0x08006922   0x08006922   0x00000002   PAD
    0x08006924   0x08006924   0x00000168   Code   RO         1324    .text.UART_Receive_IT  stm32f4xx_hal_uart.o
    0x08006a8c   0x08006a8c   0x0000013a   Code   RO         1242    .text.UART_SetConfig  stm32f4xx_hal_uart.o
    0x08006bc6   0x08006bc6   0x00000002   PAD
    0x08006bc8   0x08006bc8   0x00000130   Code   RO         1276    .text.UART_Start_Receive_DMA  stm32f4xx_hal_uart.o
    0x08006cf8   0x08006cf8   0x00000094   Code   RO         1332    .text.UART_Transmit_IT  stm32f4xx_hal_uart.o
    0x08006d8c   0x08006d8c   0x00000010   Code   RO          178    .text.USART1_IRQHandler  stm32f4xx_it.o
    0x08006d9c   0x08006d9c   0x00000010   Code   RO          180    .text.USART2_IRQHandler  stm32f4xx_it.o
    0x08006dac   0x08006dac   0x00000010   Code   RO          182    .text.USART3_IRQHandler  stm32f4xx_it.o
    0x08006dbc   0x08006dbc   0x00000004   Code   RO          158    .text.UsageFault_Handler  stm32f4xx_it.o
    0x08006dc0   0x08006dc0   0x00000008   Code   RO         1602    .text._GLOBAL__sub_I_task.cpp  task.o
    0x08006dc8   0x08006dc8   0x0000004e   Code   RO         1416    .text._Z14Math_ConstrainIfEvPT_S0_S0_  alg_pid.o
    0x08006e16   0x08006e16   0x00000002   PAD
    0x08006e18   0x08006e18   0x0000000c   Code   RO         1594    .text._Z19Task_UART3_CallbackPht  task.o
    0x08006e24   0x08006e24   0x00000010   Code   RO         1596    .text._Z21Task1ms_TIM7_Callbackv  task.o
    0x08006e34   0x08006e34   0x0000009e   Code   RO         1478    .text._Z22can_filter_mask_configP17CAN_HandleTypeDefhjj  drv_can.o
    0x08006ed2   0x08006ed2   0x00000002   PAD
    0x08006ed4   0x08006ed4   0x00000008   Code   RO         1592    .text._Z28Chassis_Device_CAN1_CallbackP20Struct_CAN_Rx_Buffer  task.o
    0x08006edc   0x08006edc   0x000000a2   Code   RO         1480    .text._Z8CAN_InitP17CAN_HandleTypeDefPFvP20Struct_CAN_Rx_BufferE  drv_can.o
    0x08006f7e   0x08006f7e   0x00000002   PAD
    0x08006f80   0x08006f80   0x00000036   Code   RO         1414    .text._Z8Math_AbsIfET_S0_  alg_pid.o
    0x08006fb6   0x08006fb6   0x00000002   PAD
    0x08006fb8   0x08006fb8   0x0000017e   Code   RO         1578    .text._ZN11Class_EoCar35TIM_Calculate_PeriodElapsedCallbackEv  ita_car.o
    0x08007136   0x08007136   0x00000002   PAD
    0x08007138   0x08007138   0x00000134   Code   RO         1576    .text._ZN11Class_EoCar4InitEv  ita_car.o
    0x0800726c   0x0800726c   0x00000034   Code   RO         1612    .text._ZN11Class_EoCarC2Ev  task.o
    0x080072a0   0x080072a0   0x00000130   Code   RO         1385    .text._ZN18Class_EncoderMotor21TIM_Encoder_CalculateEv  dvc_encodermotor.o
    0x080073d0   0x080073d0   0x0000000e   Code   RO         1587    .text._ZN18Class_EncoderMotor26Get_EncoderMotor_PWMOutputEv  ita_car.o
    0x080073de   0x080073de   0x00000002   PAD
    0x080073e0   0x080073e0   0x00000040   Code   RO         1389    .text._ZN18Class_EncoderMotor35TIM_Calculate_PeriodElapsedCallbackEv  dvc_encodermotor.o
    0x08007420   0x08007420   0x0000005a   Code   RO         1383    .text._ZN18Class_EncoderMotor4InitEP17TIM_HandleTypeDeftjff  dvc_encodermotor.o
    0x0800747a   0x0800747a   0x00000002   PAD
    0x0800747c   0x0800747c   0x0000001a   Code   RO         1614    .text._ZN18Class_EncoderMotorC2Ev  task.o
    0x08007496   0x08007496   0x00000002   PAD
    0x08007498   0x08007498   0x00000012   Code   RO         1397    .text._ZN9Class_PID10Set_TargetEf  dvc_encodermotor.o
    0x080074aa   0x080074aa   0x00000002   PAD
    0x080074ac   0x080074ac   0x000002b0   Code   RO         1406    .text._ZN9Class_PID32TIM_Adjust_PeriodElapsedCallbackEv  alg_pid.o
    0x0800775c   0x0800775c   0x00000074   Code   RO         1404    .text._ZN9Class_PID4InitEfffffffffff16Enum_PID_D_First  alg_pid.o
    0x080077d0   0x080077d0   0x0000000e   Code   RO         1401    .text._ZN9Class_PID7Get_OutEv  dvc_encodermotor.o
    0x080077de   0x080077de   0x00000002   PAD
    0x080077e0   0x080077e0   0x00000012   Code   RO         1399    .text._ZN9Class_PID7Set_NowEf  dvc_encodermotor.o
    0x080077f2   0x080077f2   0x00000002   PAD
    0x080077f4   0x080077f4   0x00000030   Code   RO         1616    .text._ZN9Class_PIDC2Ev  task.o
    0x08007824   0x08007824   0x00000030   Code   RO          578    .text.__NVIC_EnableIRQ  stm32f4xx_hal_cortex.o
    0x08007854   0x08007854   0x00000010   Code   RO          570    .text.__NVIC_GetPriorityGrouping  stm32f4xx_hal_cortex.o
    0x08007864   0x08007864   0x00000042   Code   RO          572    .text.__NVIC_SetPriority  stm32f4xx_hal_cortex.o
    0x080078a6   0x080078a6   0x00000002   PAD
    0x080078a8   0x080078a8   0x0000003c   Code   RO          566    .text.__NVIC_SetPriorityGrouping  stm32f4xx_hal_cortex.o
    0x080078e4   0x080078e4   0x00000010   Code   RO         1590    .text.__cxx_global_var_init  task.o
    0x080078f4   0x080078f4   0x00000068   Code   RO           11    .text.main          main.o
    0x0800795c   0x0800795c   0x0000001a   Code   RO         1908    x$fpl$fpinit        fz_wm.l(fpinit.o)
    0x08007976   0x08007976   0x00000010   Data   RO         1374    .rodata.AHBPrescTable  system_stm32f4xx.o
    0x08007986   0x08007986   0x00000008   Data   RO         1375    .rodata.APBPrescTable  system_stm32f4xx.o
    0x0800798e   0x0800798e   0x00000008   Data   RO          496    .rodata.DMA_CalcBaseAndBitshift.flagBitshiftOffset  stm32f4xx_hal_dma.o
    0x08007996   0x08007996   0x00000002   PAD
    0x08007998   0x08007998   0x00000020   Data   RO         2012    Region$$Table       anon$$obj.o
    0x080079b8   0x080079b8   0x00000004   Data   RO         1605    .init_array         task.o
    0x080079bc   0x080079b8   0x00000000   Data   RO         1758    .init_array         c_w.l(init_aeabi.o)


    Execution Region RW_IRAM1 (Exec base: 0x20000000, Load base: 0x080079c0, Size: 0x00001888, Max: 0x0001c000, ABSOLUTE)

    Exec Addr    Load Addr    Size         Type   Attr      Idx    E Section Name        Object

    0x20000000   0x080079c0   0x00000004   Data   RW         1373    .data.SystemCoreClock  system_stm32f4xx.o
    0x20000004   0x080079c4   0x00000001   Data   RW          696    .data.uwTickFreq    stm32f4xx_hal.o
    0x20000005   0x080079c5   0x00000003   PAD
    0x20000008   0x080079c8   0x00000004   Data   RW          695    .data.uwTickPrio    stm32f4xx_hal.o
    0x2000000c   0x080079cc   0x00000004   PAD
    0x20000010        -       0x00000060   Zero   RW         1915    .bss                c_w.l(libspace.o)
    0x20000070        -       0x0000002c   Zero   RW         1494    .bss.CAN1_Manage_Object  drv_can.o
    0x2000009c        -       0x0000002c   Zero   RW         1495    .bss.CAN2_Manage_Object  drv_can.o
    0x200000c8        -       0x00000250   Zero   RW         1604    .bss.EoCar          task.o
    0x20000318        -       0x00000008   Zero   RW         1432    .bss.TIM10_Manage_Object  drv_tim.o
    0x20000320        -       0x00000008   Zero   RW         1433    .bss.TIM11_Manage_Object  drv_tim.o
    0x20000328        -       0x00000008   Zero   RW         1434    .bss.TIM12_Manage_Object  drv_tim.o
    0x20000330        -       0x00000008   Zero   RW         1435    .bss.TIM13_Manage_Object  drv_tim.o
    0x20000338        -       0x00000008   Zero   RW         1436    .bss.TIM14_Manage_Object  drv_tim.o
    0x20000340        -       0x00000008   Zero   RW         1423    .bss.TIM1_Manage_Object  drv_tim.o
    0x20000348        -       0x00000008   Zero   RW         1424    .bss.TIM2_Manage_Object  drv_tim.o
    0x20000350        -       0x00000008   Zero   RW         1425    .bss.TIM3_Manage_Object  drv_tim.o
    0x20000358        -       0x00000008   Zero   RW         1426    .bss.TIM4_Manage_Object  drv_tim.o
    0x20000360        -       0x00000008   Zero   RW         1427    .bss.TIM5_Manage_Object  drv_tim.o
    0x20000368        -       0x00000008   Zero   RW         1428    .bss.TIM6_Manage_Object  drv_tim.o
    0x20000370        -       0x00000008   Zero   RW         1429    .bss.TIM7_Manage_Object  drv_tim.o
    0x20000378        -       0x00000008   Zero   RW         1430    .bss.TIM8_Manage_Object  drv_tim.o
    0x20000380        -       0x00000008   Zero   RW         1431    .bss.TIM9_Manage_Object  drv_tim.o
    0x20000388        -       0x00000410   Zero   RW         1561    .bss.UART1_Manage_Object  drv_uart.o
    0x20000798        -       0x00000410   Zero   RW         1566    .bss.UART6_Manage_Object  drv_uart.o
    0x20000ba8        -       0x00000028   Zero   RW           39    .bss.hcan1          can.o
    0x20000bd0        -       0x00000060   Zero   RW           62    .bss.hdma_i2c2_rx   i2c.o
    0x20000c30        -       0x00000060   Zero   RW           63    .bss.hdma_i2c2_tx   i2c.o
    0x20000c90        -       0x00000060   Zero   RW          140    .bss.hdma_usart1_rx  usart.o
    0x20000cf0        -       0x00000060   Zero   RW          141    .bss.hdma_usart2_rx  usart.o
    0x20000d50        -       0x00000060   Zero   RW          142    .bss.hdma_usart3_rx  usart.o
    0x20000db0        -       0x00000054   Zero   RW           61    .bss.hi2c2          i2c.o
    0x20000e04        -       0x00000048   Zero   RW          103    .bss.htim1          tim.o
    0x20000e4c        -       0x00000048   Zero   RW          111    .bss.htim10         tim.o
    0x20000e94        -       0x00000048   Zero   RW          112    .bss.htim11         tim.o
    0x20000edc        -       0x00000048   Zero   RW          113    .bss.htim12         tim.o
    0x20000f24        -       0x00000048   Zero   RW          104    .bss.htim2          tim.o
    0x20000f6c        -       0x00000048   Zero   RW          105    .bss.htim3          tim.o
    0x20000fb4        -       0x00000048   Zero   RW          106    .bss.htim4          tim.o
    0x20000ffc        -       0x00000048   Zero   RW          107    .bss.htim5          tim.o
    0x20001044        -       0x00000048   Zero   RW          108    .bss.htim7          tim.o
    0x2000108c        -       0x00000048   Zero   RW          109    .bss.htim8          tim.o
    0x200010d4        -       0x00000048   Zero   RW          110    .bss.htim9          tim.o
    0x2000111c        -       0x00000048   Zero   RW          137    .bss.huart1         usart.o
    0x20001164        -       0x00000048   Zero   RW          138    .bss.huart2         usart.o
    0x200011ac        -       0x00000048   Zero   RW          139    .bss.huart3         usart.o
    0x200011f4        -       0x00000048   Zero   RW          135    .bss.huart4         usart.o
    0x2000123c        -       0x00000048   Zero   RW          136    .bss.huart5         usart.o
    0x20001284        -       0x00000004   Zero   RW          697    .bss.uwTick         stm32f4xx_hal.o
    0x20001288        -       0x00000200   Zero   RW            2    HEAP                startup_stm32f407xx.o
    0x20001488        -       0x00000400   Zero   RW            1    STACK               startup_stm32f407xx.o


    Execution Region RW_IRAM2 (Exec base: 0x2001c000, Load base: 0x080079d0, Size: 0x00000000, Max: 0x00004000, ABSOLUTE)

    **** No section assigned to this execution region ****


==============================================================================

Image component sizes


      Code (inc. data)   RO Data    RW Data    ZI Data      Debug   Object Name

       936          0          0          0          0      17666   alg_pid.o
       258          0          0          0         40       5954   can.o
       168          0          0          0          0       3335   dma.o
       560          0          0          0         88      12474   drv_can.o
      1008          0          0          0        112       4878   drv_tim.o
       290          0          0          0       2080       6546   drv_uart.o
       508         12          0          0          0      20171   dvc_encodermotor.o
       386          0          0          0          0       2243   gpio.o
       386          0          0          0        276       5233   i2c.o
       704         28          0          0          0      20033   ita_car.o
       298          0          0          0          0       2798   main.o
        64         26        392          0       1536        856   startup_stm32f407xx.o
       204          0          0          5          4       7115   stm32f4xx_hal.o
      2740          0          0          0          0      11555   stm32f4xx_hal_can.o
       482          0          0          0          0       9726   stm32f4xx_hal_cortex.o
      2068          8          8          0          0       8504   stm32f4xx_hal_dma.o
       996          0          0          0          0       5100   stm32f4xx_hal_gpio.o
       676          0          0          0          0      37597   stm32f4xx_hal_i2c.o
        74          0          0          0          0       1482   stm32f4xx_hal_msp.o
      2646          0          0          0          0       7604   stm32f4xx_hal_rcc.o
      4884         28          0          0          0      36025   stm32f4xx_hal_tim.o
       484          0          0          0          0      15340   stm32f4xx_hal_tim_ex.o
      3304          0          0          0          0      20435   stm32f4xx_hal_uart.o
       286          0          0          0          0       2481   stm32f4xx_it.o
        18          0         24          4          0       2511   system_stm32f4xx.o
       372          0          4          0        592      19388   task.o
      3682          0          0          0        792      12858   tim.o
      1362          0          0          0        648       8335   usart.o

    ----------------------------------------------------------------------
     29984        102        462         12       6172     308243   Object Totals
         0          0         32          0          0          0   (incl. Generated)
       140          0          2          3          4          0   (incl. Padding)

    ----------------------------------------------------------------------

      Code (inc. data)   RO Data    RW Data    ZI Data      Debug   Library Member Name

         8          0          0          0          0         68   __main.o
         0          0          0          0          0          0   __rtentry.o
        12          0          0          0          0          0   __rtentry2.o
         6          0          0          0          0          0   __rtentry4.o
        94          8          0          0          0          0   __scatter.o
        26          0          0          0          0          0   __scatter_copy.o
        28          0          0          0          0          0   __scatter_zi.o
        18          0          0          0          0         80   exit.o
         6          0          0          0          0        152   heapauxi.o
         0          0          0          0          0          0   indicate_semi.o
        44          8          0          0          0         80   init_aeabi.o
         2          0          0          0          0          0   libinit.o
        10          0          0          0          0          0   libinit2.o
         2          0          0          0          0          0   libshutdown.o
         2          0          0          0          0          0   libshutdown2.o
         8          4          0          0         96         68   libspace.o
       240          0          0          0          0        100   lludivv7m.o
        78          0          0          0          0         80   rt_memclr_w.o
         2          0          0          0          0          0   rtexit.o
        10          0          0          0          0          0   rtexit2.o
        12          4          0          0          0         68   sys_exit.o
        74          0          0          0          0         80   sys_stackheap_outer.o
         2          0          0          0          0         68   use_no_semi.o
        26          0          0          0          0        116   fpinit.o

    ----------------------------------------------------------------------
       718         24          0          0         96        960   Library Totals
         8          0          0          0          0          0   (incl. Padding)

    ----------------------------------------------------------------------

      Code (inc. data)   RO Data    RW Data    ZI Data      Debug   Library Name

       684         24          0          0         96        844   c_w.l
        26          0          0          0          0        116   fz_wm.l

    ----------------------------------------------------------------------
       718         24          0          0         96        960   Library Totals

    ----------------------------------------------------------------------

==============================================================================


      Code (inc. data)   RO Data    RW Data    ZI Data      Debug   

     30702        126        462         12       6268     308439   Grand Totals
     30702        126        462         12       6268     308439   ELF Image Totals
     30702        126        462         12          0          0   ROM Totals

==============================================================================

    Total RO  Size (Code + RO Data)                31164 (  30.43kB)
    Total RW  Size (RW Data + ZI Data)              6280 (   6.13kB)
    Total ROM Size (Code + RO Data + RW Data)      31176 (  30.45kB)

==============================================================================

